Archive member included to satisfy reference by file (symbol)

c:/nxp/mcuxpressoide_11.9.0_2144/ide/plugins/com.nxp.mcuxpresso.tools.win32_11.9.0.202307121226/tools/bin/../lib/gcc/arm-none-eabi/12.3.1/../../../../arm-none-eabi/lib/thumb/v6-m/nofp\libcr_nohost_nf.a(_cr__main.o)
                              ./startup/startup_mkw38a4.o (__main)
c:/nxp/mcuxpressoide_11.9.0_2144/ide/plugins/com.nxp.mcuxpresso.tools.win32_11.9.0.202307121226/tools/bin/../lib/gcc/arm-none-eabi/12.3.1/../../../../arm-none-eabi/lib/thumb/v6-m/nofp\libcr_nohost_nf.a(_cr_assert.o)
                              ./utilities/fsl_debug_console.o (__assertion_failed)
c:/nxp/mcuxpressoide_11.9.0_2144/ide/plugins/com.nxp.mcuxpresso.tools.win32_11.9.0.202307121226/tools/bin/../lib/gcc/arm-none-eabi/12.3.1/../../../../arm-none-eabi/lib/thumb/v6-m/nofp\libcr_nohost_nf.a(__ciob.o)
                              c:/nxp/mcuxpressoide_11.9.0_2144/ide/plugins/com.nxp.mcuxpresso.tools.win32_11.9.0.202307121226/tools/bin/../lib/gcc/arm-none-eabi/12.3.1/../../../../arm-none-eabi/lib/thumb/v6-m/nofp\libcr_nohost_nf.a(_cr_assert.o) (__Ciob)
c:/nxp/mcuxpressoide_11.9.0_2144/ide/plugins/com.nxp.mcuxpresso.tools.win32_11.9.0.202307121226/tools/bin/../lib/gcc/arm-none-eabi/12.3.1/../../../../arm-none-eabi/lib/thumb/v6-m/nofp\libcr_nohost_nf.a(__sys_appexit.o)
                              c:/nxp/mcuxpressoide_11.9.0_2144/ide/plugins/com.nxp.mcuxpresso.tools.win32_11.9.0.202307121226/tools/bin/../lib/gcc/arm-none-eabi/12.3.1/../../../../arm-none-eabi/lib/thumb/v6-m/nofp\libcr_nohost_nf.a(_cr_assert.o) (__sys_appexit)
c:/nxp/mcuxpressoide_11.9.0_2144/ide/plugins/com.nxp.mcuxpresso.tools.win32_11.9.0.202307121226/tools/bin/../lib/gcc/arm-none-eabi/12.3.1/../../../../arm-none-eabi/lib/thumb/v6-m/nofp\libcr_c.a(memcpy.o)
                              ./utilities/fsl_str.o (memcpy)
c:/nxp/mcuxpressoide_11.9.0_2144/ide/plugins/com.nxp.mcuxpresso.tools.win32_11.9.0.202307121226/tools/bin/../lib/gcc/arm-none-eabi/12.3.1/../../../../arm-none-eabi/lib/thumb/v6-m/nofp\libcr_c.a(memset.o)
                              ./utilities/fsl_debug_console.o (memset)
c:/nxp/mcuxpressoide_11.9.0_2144/ide/plugins/com.nxp.mcuxpresso.tools.win32_11.9.0.202307121226/tools/bin/../lib/gcc/arm-none-eabi/12.3.1/../../../../arm-none-eabi/lib/thumb/v6-m/nofp\libcr_c.a(_deferredlazyseek.o)
                              c:/nxp/mcuxpressoide_11.9.0_2144/ide/plugins/com.nxp.mcuxpresso.tools.win32_11.9.0.202307121226/tools/bin/../lib/gcc/arm-none-eabi/12.3.1/../../../../arm-none-eabi/lib/thumb/v6-m/nofp\libcr_nohost_nf.a(_cr_assert.o) (__flsbuf)
c:/nxp/mcuxpressoide_11.9.0_2144/ide/plugins/com.nxp.mcuxpresso.tools.win32_11.9.0.202307121226/tools/bin/../lib/gcc/arm-none-eabi/12.3.1/../../../../arm-none-eabi/lib/thumb/v6-m/nofp\libcr_c.a(_fflush.o)
                              c:/nxp/mcuxpressoide_11.9.0_2144/ide/plugins/com.nxp.mcuxpresso.tools.win32_11.9.0.202307121226/tools/bin/../lib/gcc/arm-none-eabi/12.3.1/../../../../arm-none-eabi/lib/thumb/v6-m/nofp\libcr_c.a(_deferredlazyseek.o) (_fflush)
c:/nxp/mcuxpressoide_11.9.0_2144/ide/plugins/com.nxp.mcuxpresso.tools.win32_11.9.0.202307121226/tools/bin/../lib/gcc/arm-none-eabi/12.3.1/../../../../arm-none-eabi/lib/thumb/v6-m/nofp\libcr_c.a(_writebuf.o)
                              c:/nxp/mcuxpressoide_11.9.0_2144/ide/plugins/com.nxp.mcuxpresso.tools.win32_11.9.0.202307121226/tools/bin/../lib/gcc/arm-none-eabi/12.3.1/../../../../arm-none-eabi/lib/thumb/v6-m/nofp\libcr_c.a(_deferredlazyseek.o) (_Cwritebuf)
c:/nxp/mcuxpressoide_11.9.0_2144/ide/plugins/com.nxp.mcuxpresso.tools.win32_11.9.0.202307121226/tools/bin/../lib/gcc/arm-none-eabi/12.3.1/../../../../arm-none-eabi/lib/thumb/v6-m/nofp\libcr_c.a(alloc.o)
                              c:/nxp/mcuxpressoide_11.9.0_2144/ide/plugins/com.nxp.mcuxpresso.tools.win32_11.9.0.202307121226/tools/bin/../lib/gcc/arm-none-eabi/12.3.1/../../../../arm-none-eabi/lib/thumb/v6-m/nofp\libcr_c.a(_deferredlazyseek.o) (_Csys_alloc)
c:/nxp/mcuxpressoide_11.9.0_2144/ide/plugins/com.nxp.mcuxpresso.tools.win32_11.9.0.202307121226/tools/bin/../lib/gcc/arm-none-eabi/12.3.1/../../../../arm-none-eabi/lib/thumb/v6-m/nofp\libcr_c.a(fputs.o)
                              c:/nxp/mcuxpressoide_11.9.0_2144/ide/plugins/com.nxp.mcuxpresso.tools.win32_11.9.0.202307121226/tools/bin/../lib/gcc/arm-none-eabi/12.3.1/../../../../arm-none-eabi/lib/thumb/v6-m/nofp\libcr_nohost_nf.a(_cr_assert.o) (fputs)
c:/nxp/mcuxpressoide_11.9.0_2144/ide/plugins/com.nxp.mcuxpresso.tools.win32_11.9.0.202307121226/tools/bin/../lib/gcc/arm-none-eabi/12.3.1/../../../../arm-none-eabi/lib/thumb/v6-m/nofp\libcr_c.a(fseek.o)
                              c:/nxp/mcuxpressoide_11.9.0_2144/ide/plugins/com.nxp.mcuxpresso.tools.win32_11.9.0.202307121226/tools/bin/../lib/gcc/arm-none-eabi/12.3.1/../../../../arm-none-eabi/lib/thumb/v6-m/nofp\libcr_c.a(_deferredlazyseek.o) (fseek)
[...]
Memory Configuration

Name             Origin             Length             Attributes
PROGRAM_FLASH    0x00000000         0x00040000         xr
FLEX_NVM         0x10000000         0x00040000         xr
SRAM             0x20000008         0x0000bff8         xrw
SRAM1            0x1fffc400         0x00003c00         xrw
FLEX_RAM         0x14000000         0x00002000         xrw
WARMBOOT_STACK   0x1fffc000         0x00000400         xrw
WARMBOOT_CONFIG  0x20000000         0x00000008         xrw
*default*        0x00000000         0xffffffff

Linker script and memory map

LOAD ./utilities/fsl_assert.o
LOAD ./utilities/fsl_debug_console.o
LOAD ./utilities/fsl_str.o
LOAD ./startup/startup_mkw38a4.o
LOAD ./source/flexcan_interrupt_transfer.o
LOAD ./source/mtb.o
LOAD ./source/semihost_hardfault.o
LOAD ./drivers/fsl_clock.o
LOAD ./drivers/fsl_common.o
LOAD ./drivers/fsl_flexcan.o
LOAD ./drivers/fsl_gpio.o
LOAD ./drivers/fsl_lptmr.o
LOAD ./drivers/fsl_lpuart.o
LOAD ./drivers/fsl_smc.o
LOAD ./device/system_MKW38A4.o
LOAD ./component/uart/lpuart_adapter.o
LOAD ./component/serial_manager/serial_manager.o
LOAD ./component/serial_manager/serial_port_uart.o
LOAD ./component/lists/generic_list.o
LOAD ./board/board.o
LOAD ./board/clock_config.o
LOAD ./board/pin_mux.o
LOAD ./amazon-freertos/freertos/portable/heap_4.o
LOAD ./amazon-freertos/freertos/portable/port.o
LOAD ./amazon-freertos/freertos/event_groups.o
LOAD ./amazon-freertos/freertos/list.o
LOAD ./amazon-freertos/freertos/queue.o
LOAD ./amazon-freertos/freertos/stream_buffer.o
LOAD ./amazon-freertos/freertos/tasks.o
LOAD ./amazon-freertos/freertos/timers.o
START GROUP
LOAD c:/nxp/mcuxpressoide_11.9.0_2144/ide/plugins/com.nxp.mcuxpresso.tools.win32_11.9.0.202307121226/tools/bin/../lib/gcc/arm-none-eabi/12.3.1/../../../../arm-none-eabi/lib/thumb/v6-m/nofp\libcr_nohost_nf.a
LOAD c:/nxp/mcuxpressoide_11.9.0_2144/ide/plugins/com.nxp.mcuxpresso.tools.win32_11.9.0.202307121226/tools/bin/../lib/gcc/arm-none-eabi/12.3.1/../../../../arm-none-eabi/lib/thumb/v6-m/nofp\libcr_c.a
LOAD c:/nxp/mcuxpressoide_11.9.0_2144/ide/plugins/com.nxp.mcuxpresso.tools.win32_11.9.0.202307121226/tools/bin/../lib/gcc/arm-none-eabi/12.3.1/thumb/v6-m/nofp\libcr_eabihelpers.a
LOAD c:/nxp/mcuxpressoide_11.9.0_2144/ide/plugins/com.nxp.mcuxpresso.tools.win32_11.9.0.202307121226/tools/bin/../lib/gcc/arm-none-eabi/12.3.1/thumb/v6-m/nofp\libgcc.a
END GROUP
                0x00000000                        __base_PROGRAM_FLASH = 0x0
                0x00000000                        __base_Flash = 0x0
                0x00040000                        __top_PROGRAM_FLASH = 0x40000
                0x00040000                        __top_Flash = 0x40000
                0x10000000                        __base_FLEX_NVM = 0x10000000
                0x10000000                        __base_Flash2 = 0x10000000
                0x10040000                        __top_FLEX_NVM = 0x10040000
                0x10040000                        __top_Flash2 = 0x10040000
                0x20000008                        __base_SRAM = 0x20000008
                0x20000008                        __base_RAM = 0x20000008
                0x2000c000                        __top_SRAM = 0x2000c000
                0x2000c000                        __top_RAM = 0x2000c000
                0x1fffc400                        __base_SRAM1 = 0x1fffc400
                0x1fffc400                        __base_RAM2 = 0x1fffc400
                0x20000000                        __top_SRAM1 = 0x20000000
                0x20000000                        __top_RAM2 = 0x20000000
                0x14000000                        __base_FLEX_RAM = 0x14000000
                0x14000000                        __base_RAM3 = 0x14000000
                0x14002000                        __top_FLEX_RAM = 0x14002000
                0x14002000                        __top_RAM3 = 0x14002000
                0x1fffc000                        __base_WARMBOOT_STACK = 0x1fffc000
                0x1fffc000                        __base_RAM4 = 0x1fffc000
                0x1fffc400                        __top_WARMBOOT_STACK = 0x1fffc400
                0x1fffc400                        __top_RAM4 = 0x1fffc400
                0x20000000                        __base_WARMBOOT_CONFIG = 0x20000000
                0x20000000                        __base_RAM5 = 0x20000000
                0x20000008                        __top_WARMBOOT_CONFIG = 0x20000008
                0x20000008                        __top_RAM5 = 0x20000008

.text_Flash2    0x10000000        0x0
 FILL mask 0xff
 *(SORT_BY_ALIGNMENT(.text_Flash2))
 *(SORT_BY_ALIGNMENT(.text_FLEX_NVM))
 *(SORT_BY_ALIGNMENT(.text.$Flash2))
 *(SORT_BY_ALIGNMENT(.text.$FLEX_NVM))
 *(SORT_BY_ALIGNMENT(.text_Flash2.*))
 *(SORT_BY_ALIGNMENT(.text_FLEX_NVM.*))
 *(SORT_BY_ALIGNMENT(.text.$Flash2.*))
 *(SORT_BY_ALIGNMENT(.text.$FLEX_NVM.*))
 *(SORT_BY_ALIGNMENT(.rodata.$Flash2))
 *(SORT_BY_ALIGNMENT(.rodata.$FLEX_NVM))
 *(SORT_BY_ALIGNMENT(.rodata.$Flash2.*))
 *(SORT_BY_ALIGNMENT(.rodata.$FLEX_NVM.*))

.text           0x00000000     0xa108
 FILL mask 0xff
                0x00000000                        __vectors_start__ = ABSOLUTE (.)
 *(SORT_BY_ALIGNMENT(.isr_vector))
 .isr_vector    0x00000000       0xc0 ./startup/startup_mkw38a4.o
                0x00000000                g_pfnVectors
                0x00000000                __Vectors
                0x000000c0                        . = ALIGN (0x4)
                0x000000c0                        __section_table_start = .
                0x000000c0                        __data_section_table = .
                0x000000c0        0x4 LONG 0xa108 LOADADDR (.data)
                0x000000c4        0x4 LONG 0x20000100 ADDR (.data)
                0x000000c8        0x4 LONG 0x28 SIZEOF (.data)
                0x000000cc        0x4 LONG 0xa108 LOADADDR (.data_RAM2)
                0x000000d0        0x4 LONG 0x1fffc400 ADDR (.data_RAM2)
                0x000000d4        0x4 LONG 0x0 SIZEOF (.data_RAM2)
                0x000000d8        0x4 LONG 0xa108 LOADADDR (.data_RAM3)
                0x000000dc        0x4 LONG 0x14000000 ADDR (.data_RAM3)
                0x000000e0        0x4 LONG 0x0 SIZEOF (.data_RAM3)
                0x000000e4        0x4 LONG 0xa108 LOADADDR (.data_RAM4)
                0x000000e8        0x4 LONG 0x1fffc000 ADDR (.data_RAM4)
                0x000000ec        0x4 LONG 0x0 SIZEOF (.data_RAM4)
                0x000000f0        0x4 LONG 0xa108 LOADADDR (.data_RAM5)
                0x000000f4        0x4 LONG 0x20000000 ADDR (.data_RAM5)
                0x000000f8        0x4 LONG 0x0 SIZEOF (.data_RAM5)
                0x000000fc                        __data_section_table_end = .
                0x000000fc                        __bss_section_table = .
                0x000000fc        0x4 LONG 0x20000128 ADDR (.bss)
                0x00000100        0x4 LONG 0x3f18 SIZEOF (.bss)
                0x00000104        0x4 LONG 0x1fffc400 ADDR (.bss_RAM2)
                0x00000108        0x4 LONG 0x0 SIZEOF (.bss_RAM2)
                0x0000010c        0x4 LONG 0x14000000 ADDR (.bss_RAM3)
                0x00000110        0x4 LONG 0x0 SIZEOF (.bss_RAM3)
                0x00000114        0x4 LONG 0x1fffc000 ADDR (.bss_RAM4)
                0x00000118        0x4 LONG 0x0 SIZEOF (.bss_RAM4)
                0x0000011c        0x4 LONG 0x20000000 ADDR (.bss_RAM5)
                0x00000120        0x4 LONG 0x0 SIZEOF (.bss_RAM5)
                0x00000124                        __bss_section_table_end = .
                0x00000124                        __section_table_end = .
 *(SORT_BY_ALIGNMENT(.after_vectors*))
 .after_vectors.reset
                0x00000124       0x4c ./startup/startup_mkw38a4.o
                0x00000124                ResetISR
 .after_vectors.init_data
                0x00000170       0x12 ./startup/startup_mkw38a4.o
                0x00000170                data_init
 .after_vectors.init_bss
                0x00000182       0x10 ./startup/startup_mkw38a4.o
                0x00000182                bss_init
 .after_vectors
                0x00000192      0x10c ./startup/startup_mkw38a4.o
                0x00000192                NMI_Handler
                0x0000019c                I2C0_DriverIRQHandler
                0x0000019c                DMA0_DriverIRQHandler
                0x0000019c                SPI1_DriverIRQHandler
                0x0000019c                LPTMR0_DriverIRQHandler
                0x0000019c                PORTB_PORTC_DriverIRQHandler
                0x0000019c                PIT_DriverIRQHandler
                0x0000019c                SPI0_DriverIRQHandler
                0x0000019c                FTFE_DriverIRQHandler
                0x0000019c                TRNG0_DriverIRQHandler
                0x0000019c                CMT_DriverIRQHandler
                0x0000019c                TPM2_DriverIRQHandler
                0x0000019c                DMA2_DriverIRQHandler
                0x0000019c                CMP0_DriverIRQHandler
                0x0000019c                Radio_0_DriverIRQHandler
                0x0000019c                RTC_Seconds_DriverIRQHandler
                0x0000019c                LLWU_DriverIRQHandler
                0x0000019c                MCG_DriverIRQHandler
                0x0000019c                ADC0_DriverIRQHandler
                0x0000019c                PORTA_DriverIRQHandler
                0x0000019c                LTC0_DriverIRQHandler
                0x0000019c                IntDefaultHandler
                0x0000019c                I2C1_DriverIRQHandler
                0x0000019c                DSB_DriverIRQHandler
                0x0000019c                TPM0_DriverIRQHandler
                0x0000019c                TPM1_DriverIRQHandler
                0x0000019c                LVD_LVW_DCDC_DriverIRQHandler
                0x0000019c                RTC_DriverIRQHandler
                0x0000019c                Radio_1_DriverIRQHandler
                0x0000019c                DMA1_DriverIRQHandler
                0x0000019c                DMA3_DriverIRQHandler
                0x0000019e                DMA0_IRQHandler
                0x000001a6                DMA1_IRQHandler
                0x000001ae                DMA2_IRQHandler
                0x000001b6                DMA3_IRQHandler
                0x000001be                DSB_IRQHandler
                0x000001c6                FTFE_IRQHandler
                0x000001ce                LVD_LVW_DCDC_IRQHandler
                0x000001d6                LLWU_IRQHandler
                0x000001de                I2C0_IRQHandler
                0x000001e6                I2C1_IRQHandler
                0x000001ee                SPI0_IRQHandler
                0x000001f6                CAN0_IRQHandler
                0x000001fe                LPUART0_LPUART1_IRQHandler
                0x00000206                TRNG0_IRQHandler
                0x0000020e                CMT_IRQHandler
                0x00000216                ADC0_IRQHandler
                0x0000021e                CMP0_IRQHandler
                0x00000226                TPM0_IRQHandler
                0x0000022e                TPM1_IRQHandler
                0x00000236                TPM2_IRQHandler
                0x0000023e                RTC_IRQHandler
                0x00000246                RTC_Seconds_IRQHandler
                0x0000024e                PIT_IRQHandler
                0x00000256                LTC0_IRQHandler
                0x0000025e                Radio_0_IRQHandler
                0x00000266                CAN0_MB_IRQHandler
                0x0000026e                Radio_1_IRQHandler
                0x00000276                MCG_IRQHandler
                0x0000027e                LPTMR0_IRQHandler
                0x00000286                SPI1_IRQHandler
                0x0000028e                PORTA_IRQHandler
                0x00000296                PORTB_PORTC_IRQHandler
                0x00000400                        . = 0x400
 *fill*         0x0000029e      0x162 ff
                0x00000400                        PROVIDE (__FLASH_CONFIG_START__ = .)
 *(SORT_BY_ALIGNMENT(.FlashConfig))
 .FlashConfig   0x00000400       0x10 ./startup/startup_mkw38a4.o
                0x00000400                Flash_Config
                0x00000410                        PROVIDE (__FLASH_CONFIG_END__ = .)
                0x00000001                        ASSERT (! ((__FLASH_CONFIG_START__ == __FLASH_CONFIG_END__)), Linker Flash Config Support Enabled, but no .FlashConfig section provided within application)
 *(SORT_BY_ALIGNMENT(.text*))
 .text.vPortStartFirstTask
                0x00000410       0x38 ./amazon-freertos/freertos/portable/port.o
 *fill*         0x00000448        0x8 ff
 .text.PendSV_Handler
                0x00000450       0x48 ./amazon-freertos/freertos/portable/port.o
                0x00000450                PendSV_Handler
 .text.DbgConsole_ReadOneCharacter
                0x00000498       0x50 ./utilities/fsl_debug_console.o
                0x00000498                DbgConsole_ReadOneCharacter
 .text.DbgConsole_SendDataReliable
                0x000004e8       0x6c ./utilities/fsl_debug_console.o
                0x000004e8                DbgConsole_SendDataReliable
 .text.DbgConsole_ReadCharacter
                0x00000554       0x3c ./utilities/fsl_debug_console.o
                0x00000554                DbgConsole_ReadCharacter
 .text.DbgConsole_Init
                0x00000590      0x178 ./utilities/fsl_debug_console.o
                0x00000590                DbgConsole_Init
 .text.DbgConsole_Printf
                0x00000708       0x98 ./utilities/fsl_debug_console.o
                0x00000708                DbgConsole_Printf
 .text.flexcan_callback
                0x000007a0       0x80 ./source/flexcan_interrupt_transfer.o
 .text.main     0x00000820      0x4c4 ./source/flexcan_interrupt_transfer.o
                0x00000820                main
 .text.Init_CanBus_C
                0x00000ce4       0xf4 ./source/flexcan_interrupt_transfer.o
                0x00000ce4                Init_CanBus_C
 .text.Can_Reseive_Menssage
                0x00000dd8       0xe0 ./source/flexcan_interrupt_transfer.o
                0x00000dd8                Can_Reseive_Menssage
 .text.Can_Reseive_Menssage_2
                0x00000eb8       0xe0 ./source/flexcan_interrupt_transfer.o
                0x00000eb8                Can_Reseive_Menssage_2
 .text.producer_task
                0x00000f98      0x324 ./source/flexcan_interrupt_transfer.o
 .text.SwTimerCallback
                0x000012bc       0x28 ./source/flexcan_interrupt_transfer.o
 .text.HardFault_Handler
                0x000012e4       0x38 ./source/semihost_hardfault.o
                0x000012e4                HardFault_Handler
 .text.CLOCK_SetEr32kClock
                0x0000131c       0x34 ./drivers/fsl_clock.o
 .text.CLOCK_GetMcgExtClkFreq
                0x00001350       0x70 ./drivers/fsl_clock.o
 .text.CLOCK_GetFllExtRefClkFreq
                0x000013c0       0xbc ./drivers/fsl_clock.o
 .text.CLOCK_GetInternalRefClkSelectFreq
                0x0000147c       0x40 ./drivers/fsl_clock.o
 .text.CLOCK_GetFllRefClkFreq
                0x000014bc       0x2c ./drivers/fsl_clock.o
 .text.CLOCK_GetOscRangeFromFreq
                0x000014e8       0x4c ./drivers/fsl_clock.o
 .text.CLOCK_GetEr32kClkFreq
                0x00001534       0x5c ./drivers/fsl_clock.o
                0x00001534                CLOCK_GetEr32kClkFreq
 .text.CLOCK_GetOsc0ErClkFreq
                0x00001590       0x28 ./drivers/fsl_clock.o
                0x00001590                CLOCK_GetOsc0ErClkFreq
 .text.CLOCK_GetFreq
                0x000015b8       0xd8 ./drivers/fsl_clock.o
                0x000015b8                CLOCK_GetFreq
 .text.CLOCK_SetSimConfig
                0x00001690       0x2c ./drivers/fsl_clock.o
                0x00001690                CLOCK_SetSimConfig
 .text.CLOCK_GetOutClkFreq
                0x000016bc       0x60 ./drivers/fsl_clock.o
                0x000016bc                CLOCK_GetOutClkFreq
 .text.CLOCK_GetFllFreq
                0x0000171c       0x78 ./drivers/fsl_clock.o
                0x0000171c                CLOCK_GetFllFreq
 .text.CLOCK_GetInternalRefClkFreq
                0x00001794       0x28 ./drivers/fsl_clock.o
                0x00001794                CLOCK_GetInternalRefClkFreq
 .text.CLOCK_SetExternalRefClkConfig
                0x000017bc       0x80 ./drivers/fsl_clock.o
                0x000017bc                CLOCK_SetExternalRefClkConfig
 .text.CLOCK_SetInternalRefClkConfig
                0x0000183c      0x120 ./drivers/fsl_clock.o
                0x0000183c                CLOCK_SetInternalRefClkConfig
 .text.CLOCK_InitOsc0
                0x0000195c       0x68 ./drivers/fsl_clock.o
                0x0000195c                CLOCK_InitOsc0
 .text.CLOCK_SetFeeMode
                0x000019c4      0x138 ./drivers/fsl_clock.o
                0x000019c4                CLOCK_SetFeeMode
 .text.__NVIC_EnableIRQ
                0x00001afc       0x34 ./drivers/fsl_flexcan.o
 .text.CLOCK_EnableClock
                0x00001b30       0x3c ./drivers/fsl_flexcan.o
 .text.FLEXCAN_EnableInterrupts
                0x00001b6c       0x40 ./drivers/fsl_flexcan.o
 .text.FLEXCAN_DisableInterrupts
                0x00001bac       0x40 ./drivers/fsl_flexcan.o
 .text.FLEXCAN_GetInstance
                0x00001bec       0x48 ./drivers/fsl_flexcan.o
                0x00001bec                FLEXCAN_GetInstance
 .text.FLEXCAN_ExitFreezeMode
                0x00001c34       0x40 ./drivers/fsl_flexcan.o
 .text.FLEXCAN_IsMbIntEnabled
                0x00001c74       0x44 ./drivers/fsl_flexcan.o
 .text.FLEXCAN_Reset
                0x00001cb8       0xdc ./drivers/fsl_flexcan.o
 .text.FLEXCAN_SetBaudRate
                0x00001d94       0xbc ./drivers/fsl_flexcan.o
 .text.FLEXCAN_SetFDBaudRate
                0x00001e50       0xbc ./drivers/fsl_flexcan.o
 .text.FLEXCAN_Init
                0x00001f0c      0x19c ./drivers/fsl_flexcan.o
                0x00001f0c                FLEXCAN_Init
 .text.FLEXCAN_FDInit
                0x000020a8      0x14c ./drivers/fsl_flexcan.o
                0x000020a8                FLEXCAN_FDInit
 .text.FLEXCAN_GetDefaultConfig
                0x000021f4       0xa4 ./drivers/fsl_flexcan.o
                0x000021f4                FLEXCAN_GetDefaultConfig
 .text.FLEXCAN_SetTimingConfig
                0x00002298       0x8c ./drivers/fsl_flexcan.o
                0x00002298                FLEXCAN_SetTimingConfig
 .text.FLEXCAN_SetFDTimingConfig
                0x00002324       0xac ./drivers/fsl_flexcan.o
                0x00002324                FLEXCAN_SetFDTimingConfig
 .text.FLEXCAN_SetTxMbConfig
                0x000023d0       0xc4 ./drivers/fsl_flexcan.o
                0x000023d0                FLEXCAN_SetTxMbConfig
 .text.FLEXCAN_GetFDMailboxOffset
                0x00002494      0x114 ./drivers/fsl_flexcan.o
 .text.FLEXCAN_FDGetSegments
                0x000025a8      0x16c ./drivers/fsl_flexcan.o
 .text.FLEXCAN_FDGetSegmentswithBRS
                0x00002714      0x164 ./drivers/fsl_flexcan.o
 .text.FLEXCAN_CalculateImprovedTimingValuesByCBT
                0x00002878       0xd0 ./drivers/fsl_flexcan.o
 .text.FLEXCAN_FDCalculateImprovedTimingValues
                0x00002948      0x128 ./drivers/fsl_flexcan.o
                0x00002948                FLEXCAN_FDCalculateImprovedTimingValues
 .text.FLEXCAN_SetFDTxMbConfig
                0x00002a70      0x138 ./drivers/fsl_flexcan.o
                0x00002a70                FLEXCAN_SetFDTxMbConfig
 .text.FLEXCAN_SetFDRxMbConfig
                0x00002ba8      0x15c ./drivers/fsl_flexcan.o
                0x00002ba8                FLEXCAN_SetFDRxMbConfig
 .text.FLEXCAN_WriteFDTxMb
                0x00002d04      0x1e8 ./drivers/fsl_flexcan.o
                0x00002d04                FLEXCAN_WriteFDTxMb
 .text.FLEXCAN_ReadRxMb
                0x00002eec      0x170 ./drivers/fsl_flexcan.o
                0x00002eec                FLEXCAN_ReadRxMb
 .text.FLEXCAN_ReadFDRxMb
                0x0000305c      0x204 ./drivers/fsl_flexcan.o
                0x0000305c                FLEXCAN_ReadFDRxMb
 .text.FLEXCAN_ReadRxFifo
                0x00003260       0xfc ./drivers/fsl_flexcan.o
                0x00003260                FLEXCAN_ReadRxFifo
 .text.FLEXCAN_TransferCreateHandle
                0x0000335c       0xc8 ./drivers/fsl_flexcan.o
                0x0000335c                FLEXCAN_TransferCreateHandle
 .text.FLEXCAN_TransferFDSendNonBlocking
                0x00003424      0x134 ./drivers/fsl_flexcan.o
                0x00003424                FLEXCAN_TransferFDSendNonBlocking
 .text.FLEXCAN_TransferFDReceiveNonBlocking
                0x00003558       0xe0 ./drivers/fsl_flexcan.o
                0x00003558                FLEXCAN_TransferFDReceiveNonBlocking
 .text.FLEXCAN_TransferAbortSend
                0x00003638       0xf0 ./drivers/fsl_flexcan.o
                0x00003638                FLEXCAN_TransferAbortSend
 .text.FLEXCAN_TransferFDAbortSend
                0x00003728      0x108 ./drivers/fsl_flexcan.o
                0x00003728                FLEXCAN_TransferFDAbortSend
 .text.FLEXCAN_TransferFDAbortReceive
                0x00003830       0xa4 ./drivers/fsl_flexcan.o
                0x00003830                FLEXCAN_TransferFDAbortReceive
 .text.FLEXCAN_TransferAbortReceive
                0x000038d4       0xa4 ./drivers/fsl_flexcan.o
                0x000038d4                FLEXCAN_TransferAbortReceive
 .text.FLEXCAN_TransferAbortReceiveFifo
                0x00003978       0x50 ./drivers/fsl_flexcan.o
                0x00003978                FLEXCAN_TransferAbortReceiveFifo
 .text.FLEXCAN_SubHandlerForMailBoxTransfered
                0x000039c8      0x114 ./drivers/fsl_flexcan.o
 .text.FLEXCAN_TransferHandleIRQ
                0x00003adc      0x1b0 ./drivers/fsl_flexcan.o
                0x00003adc                FLEXCAN_TransferHandleIRQ
 .text.CAN0_DriverIRQHandler
                0x00003c8c       0x38 ./drivers/fsl_flexcan.o
                0x00003c8c                CAN0_DriverIRQHandler
 .text.CLOCK_EnableClock
                0x00003cc4       0x3c ./drivers/fsl_lpuart.o
 .text.CLOCK_isEnabledClock
                0x00003d00       0x3c ./drivers/fsl_lpuart.o
 .text.LPUART_GetInstance
                0x00003d3c       0x4c ./drivers/fsl_lpuart.o
                0x00003d3c                LPUART_GetInstance
 .text.LPUART_Init
                0x00003d88      0x338 ./drivers/fsl_lpuart.o
                0x00003d88                LPUART_Init
 .text.LPUART_GetDefaultConfig
                0x000040c0       0x8c ./drivers/fsl_lpuart.o
                0x000040c0                LPUART_GetDefaultConfig
 .text.LPUART_ClearStatusFlags
                0x0000414c       0xb0 ./drivers/fsl_lpuart.o
                0x0000414c                LPUART_ClearStatusFlags
 .text.LPUART_WriteBlocking
                0x000041fc       0x5c ./drivers/fsl_lpuart.o
                0x000041fc                LPUART_WriteBlocking
 .text.LPUART_ReadBlocking
                0x00004258      0x104 ./drivers/fsl_lpuart.o
                0x00004258                LPUART_ReadBlocking
 .text.LPUART0_LPUART1_DriverIRQHandler
                0x0000435c      0x108 ./drivers/fsl_lpuart.o
                0x0000435c                LPUART0_LPUART1_DriverIRQHandler
 .text.SystemInit
                0x00004464       0x1c ./device/system_MKW38A4.o
                0x00004464                SystemInit
 .text.HAL_UartGetStatus
                0x00004480       0x34 ./component/uart/lpuart_adapter.o
 .text.HAL_UartInit
                0x000044b4      0x130 ./component/uart/lpuart_adapter.o
                0x000044b4                HAL_UartInit
 .text.HAL_UartReceiveBlocking
                0x000045e4       0x78 ./component/uart/lpuart_adapter.o
                0x000045e4                HAL_UartReceiveBlocking
 .text.HAL_UartSendBlocking
                0x0000465c       0x6c ./component/uart/lpuart_adapter.o
                0x0000465c                HAL_UartSendBlocking
 .text.SerialManager_StartWriting
                0x000046c8       0x44 ./component/serial_manager/serial_manager.o
 .text.SerialManager_StartReading
                0x0000470c       0x44 ./component/serial_manager/serial_manager.o
 .text.SerialManager_Write
                0x00004750       0x74 ./component/serial_manager/serial_manager.o
 .text.SerialManager_Read
                0x000047c4       0x74 ./component/serial_manager/serial_manager.o
 .text.SerialManager_Init
                0x00004838       0x88 ./component/serial_manager/serial_manager.o
                0x00004838                SerialManager_Init
 .text.SerialManager_OpenWriteHandle
                0x000048c0       0x6c ./component/serial_manager/serial_manager.o
                0x000048c0                SerialManager_OpenWriteHandle
 .text.SerialManager_OpenReadHandle
                0x0000492c       0x94 ./component/serial_manager/serial_manager.o
                0x0000492c                SerialManager_OpenReadHandle
 .text.Serial_UartInit
                0x000049c0       0xb0 ./component/serial_manager/serial_port_uart.o
                0x000049c0                Serial_UartInit
 .text.Serial_UartWrite
                0x00004a70       0x5c ./component/serial_manager/serial_port_uart.o
                0x00004a70                Serial_UartWrite
 .text.Serial_UartRead
                0x00004acc       0x5c ./component/serial_manager/serial_port_uart.o
                0x00004acc                Serial_UartRead
 .text.CLOCK_SetLpuart0Clock
                0x00004b28       0x38 ./board/board.o
 .text.CLOCK_SetSimSafeDivs
                0x00004b60       0x1c ./board/clock_config.o
 .text.CLOCK_SetXtal0Freq
                0x00004b7c       0x1c ./board/clock_config.o
 .text.CLOCK_CONFIG_FllStableDelay
                0x00004b98       0x28 ./board/clock_config.o
 .text.BOARD_RfOscInit
                0x00004bc0       0xd0 ./board/clock_config.o
                0x00004bc0                BOARD_RfOscInit
 .text.BOARD_InitOsc0
                0x00004c90       0x30 ./board/clock_config.o
                0x00004c90                BOARD_InitOsc0
 .text.BOARD_BootClockRUN
                0x00004cc0       0x58 ./board/clock_config.o
                0x00004cc0                BOARD_BootClockRUN
 .text.CLOCK_EnableClock
                0x00004d18       0x3c ./board/pin_mux.o
 .text.PORT_SetPinMux
                0x00004d54       0x40 ./board/pin_mux.o
 .text.BOARD_InitPins
                0x00004d94       0x64 ./board/pin_mux.o
                0x00004d94                BOARD_InitPins
 .text.pvPortMalloc
                0x00004df8      0x178 ./amazon-freertos/freertos/portable/heap_4.o
                0x00004df8                pvPortMalloc
 .text.vPortFree
                0x00004f70       0x94 ./amazon-freertos/freertos/portable/heap_4.o
                0x00004f70                vPortFree
 .text.prvHeapInit
                0x00005004       0xc0 ./amazon-freertos/freertos/portable/heap_4.o
 .text.prvInsertBlockIntoFreeList
                0x000050c4       0xb0 ./amazon-freertos/freertos/portable/heap_4.o
 .text.pxPortInitialiseStack
                0x00005174       0x54 ./amazon-freertos/freertos/portable/port.o
                0x00005174                pxPortInitialiseStack
 .text.prvTaskExitError
                0x000051c8       0x30 ./amazon-freertos/freertos/portable/port.o
 .text.xPortStartScheduler
                0x000051f8       0x48 ./amazon-freertos/freertos/portable/port.o
                0x000051f8                xPortStartScheduler
 .text.vPortYield
                0x00005240       0x20 ./amazon-freertos/freertos/portable/port.o
                0x00005240                vPortYield
 .text.vPortEnterCritical
                0x00005260       0x24 ./amazon-freertos/freertos/portable/port.o
                0x00005260                vPortEnterCritical
 .text.vPortExitCritical
                0x00005284       0x30 ./amazon-freertos/freertos/portable/port.o
                0x00005284                vPortExitCritical
 .text.SysTick_Handler
                0x000052b4       0x34 ./amazon-freertos/freertos/portable/port.o
                0x000052b4                SysTick_Handler
 .text.prvSetupTimerInterrupt
                0x000052e8       0x44 ./amazon-freertos/freertos/portable/port.o
 .text.vQueueAddToRegistry
                0x0000532c       0x50 ./amazon-freertos/freertos/queue.o
                0x0000532c                vQueueAddToRegistry
 .text.prvInitialiseNewTask
                0x0000537c      0x134 ./amazon-freertos/freertos/tasks.o
 .text.prvAddNewTaskToReadyList
                0x000054b0       0xd0 ./amazon-freertos/freertos/tasks.o
 .text.vTaskStartScheduler
                0x00005580       0x7c ./amazon-freertos/freertos/tasks.o
                0x00005580                vTaskStartScheduler
 .text.vTaskSuspendAll
                0x000055fc       0x18 ./amazon-freertos/freertos/tasks.o
                0x000055fc                vTaskSuspendAll
 .text.xTaskResumeAll
                0x00005614      0x118 ./amazon-freertos/freertos/tasks.o
                0x00005614                xTaskResumeAll
 .text.xTaskGetTickCount
                0x0000572c       0x1c ./amazon-freertos/freertos/tasks.o
                0x0000572c                xTaskGetTickCount
 .text.xTaskIncrementTick
                0x00005748      0x144 ./amazon-freertos/freertos/tasks.o
                0x00005748                xTaskIncrementTick
 .text.vTaskSwitchContext
                0x0000588c       0xa4 ./amazon-freertos/freertos/tasks.o
                0x0000588c                vTaskSwitchContext
 .text.vTaskPlaceOnEventList
                0x00005930       0x40 ./amazon-freertos/freertos/tasks.o
                0x00005930                vTaskPlaceOnEventList
 .text.vTaskPlaceOnEventListRestricted
                0x00005970       0x50 ./amazon-freertos/freertos/tasks.o
                0x00005970                vTaskPlaceOnEventListRestricted
 .text.xTaskRemoveFromEventList
                0x000059c0       0xbc ./amazon-freertos/freertos/tasks.o
                0x000059c0                xTaskRemoveFromEventList
 .text.vTaskInternalSetTimeOutState
                0x00005a7c       0x28 ./amazon-freertos/freertos/tasks.o
                0x00005a7c                vTaskInternalSetTimeOutState
 .text.xTaskCheckForTimeOut
                0x00005aa4       0xa4 ./amazon-freertos/freertos/tasks.o
                0x00005aa4                xTaskCheckForTimeOut
 .text.vTaskMissedYield
                0x00005b48       0x14 ./amazon-freertos/freertos/tasks.o
                0x00005b48                vTaskMissedYield
 .text.prvIdleTask
                0x00005b5c       0x20 ./amazon-freertos/freertos/tasks.o
 .text.prvInitialiseTaskLists
                0x00005b7c       0x88 ./amazon-freertos/freertos/tasks.o
 .text.prvCheckTasksWaitingTermination
                0x00005c04       0x5c ./amazon-freertos/freertos/tasks.o
 .text.prvResetNextTaskUnblockTime
                0x00005c60       0x3c ./amazon-freertos/freertos/tasks.o
 .text.xTaskGetSchedulerState
                0x00005c9c       0x38 ./amazon-freertos/freertos/tasks.o
                0x00005c9c                xTaskGetSchedulerState
 .text.xTaskPriorityDisinherit
                0x00005cd4       0xbc ./amazon-freertos/freertos/tasks.o
                0x00005cd4                xTaskPriorityDisinherit
 .text.xTaskGenericNotify
                0x00005d90      0x12c ./amazon-freertos/freertos/tasks.o
                0x00005d90                xTaskGenericNotify
 .text.xTaskGenericNotifyFromISR
                0x00005ebc      0x168 ./amazon-freertos/freertos/tasks.o
                0x00005ebc                xTaskGenericNotifyFromISR
 .text.prvAddCurrentTaskToDelayedList
                0x00006024       0xa8 ./amazon-freertos/freertos/tasks.o
 .text.xTimerCreateTimerTask
                0x000060cc       0x54 ./amazon-freertos/freertos/timers.o
                0x000060cc                xTimerCreateTimerTask
 .text.xTimerGenericCommand
                0x00006120       0x98 ./amazon-freertos/freertos/timers.o
                0x00006120                xTimerGenericCommand
 .text.prvProcessExpiredTimer
                0x000061b8       0x8c ./amazon-freertos/freertos/timers.o
 .text.prvProcessTimerOrBlockTask
                0x00006244       0x90 ./amazon-freertos/freertos/timers.o
 .text.prvGetNextExpireTime
                0x000062d4       0x44 ./amazon-freertos/freertos/timers.o
 .text.prvSampleTimeNow
                0x00006318       0x40 ./amazon-freertos/freertos/timers.o
 .text.prvInsertTimerInActiveList
                0x00006358       0x84 ./amazon-freertos/freertos/timers.o
 .text.prvProcessReceivedCommands
                0x000063dc      0x194 ./amazon-freertos/freertos/timers.o
 .text.prvSwitchTimerLists
                0x00006570       0xbc ./amazon-freertos/freertos/timers.o
 .text.prvCheckForValidListAndQueue
                0x0000662c       0x74 ./amazon-freertos/freertos/timers.o
 .text.__assertion_failed
                0x000066a0       0x50 c:/nxp/mcuxpressoide_11.9.0_2144/ide/plugins/com.nxp.mcuxpresso.tools.win32_11.9.0.202307121226/tools/bin/../lib/gcc/arm-none-eabi/12.3.1/../../../../arm-none-eabi/lib/thumb/v6-m/nofp\libcr_nohost_nf.a(_cr_assert.o)
                0x000066a0                __assertion_failed
 .text._deferredlazyseek
                0x000066f0       0x40 c:/nxp/mcuxpressoide_11.9.0_2144/ide/plugins/com.nxp.mcuxpresso.tools.win32_11.9.0.202307121226/tools/bin/../lib/gcc/arm-none-eabi/12.3.1/../../../../arm-none-eabi/lib/thumb/v6-m/nofp\libcr_c.a(_deferredlazyseek.o)
                0x000066f0                _deferredlazyseek
 .text.__flsbuf
                0x00006730      0x150 c:/nxp/mcuxpressoide_11.9.0_2144/ide/plugins/com.nxp.mcuxpresso.tools.win32_11.9.0.202307121226/tools/bin/../lib/gcc/arm-none-eabi/12.3.1/../../../../arm-none-eabi/lib/thumb/v6-m/nofp\libcr_c.a(_deferredlazyseek.o)
                0x00006730                __flsbuf
 .text._fflush  0x00006880       0x5c c:/nxp/mcuxpressoide_11.9.0_2144/ide/plugins/com.nxp.mcuxpresso.tools.win32_11.9.0.202307121226/tools/bin/../lib/gcc/arm-none-eabi/12.3.1/../../../../arm-none-eabi/lib/thumb/v6-m/nofp\libcr_c.a(_fflush.o)
                0x00006880                _fflush
 .text._Cwritebuf
                0x000068dc       0x68 c:/nxp/mcuxpressoide_11.9.0_2144/ide/plugins/com.nxp.mcuxpresso.tools.win32_11.9.0.202307121226/tools/bin/../lib/gcc/arm-none-eabi/12.3.1/../../../../arm-none-eabi/lib/thumb/v6-m/nofp\libcr_c.a(_writebuf.o)
                0x000068dc                _Cwritebuf
 .text.malloc   0x00006944       0xdc c:/nxp/mcuxpressoide_11.9.0_2144/ide/plugins/com.nxp.mcuxpresso.tools.win32_11.9.0.202307121226/tools/bin/../lib/gcc/arm-none-eabi/12.3.1/../../../../arm-none-eabi/lib/thumb/v6-m/nofp\libcr_c.a(alloc.o)
                0x00006944                malloc
 .text._Csys_alloc
                0x00006a20       0x20 c:/nxp/mcuxpressoide_11.9.0_2144/ide/plugins/com.nxp.mcuxpresso.tools.win32_11.9.0.202307121226/tools/bin/../lib/gcc/arm-none-eabi/12.3.1/../../../../arm-none-eabi/lib/thumb/v6-m/nofp\libcr_c.a(alloc.o)
                0x00006a20                _Csys_alloc
 .text.fseek    0x00006a40       0xec c:/nxp/mcuxpressoide_11.9.0_2144/ide/plugins/com.nxp.mcuxpresso.tools.win32_11.9.0.202307121226/tools/bin/../lib/gcc/arm-none-eabi/12.3.1/../../../../arm-none-eabi/lib/thumb/v6-m/nofp\libcr_c.a(fseek.o)
                0x00006a40                fseek
 .text.ftell    0x00006b2c       0x4c c:/nxp/mcuxpressoide_11.9.0_2144/ide/plugins/com.nxp.mcuxpresso.tools.win32_11.9.0.202307121226/tools/bin/../lib/gcc/arm-none-eabi/12.3.1/../../../../arm-none-eabi/lib/thumb/v6-m/nofp\libcr_c.a(ftell.o)
                0x00006b2c                ftell
 .text._initio  0x00006b78       0x7c c:/nxp/mcuxpressoide_11.9.0_2144/ide/plugins/com.nxp.mcuxpresso.tools.win32_11.9.0.202307121226/tools/bin/../lib/gcc/arm-none-eabi/12.3.1/../../../../arm-none-eabi/lib/thumb/v6-m/nofp\libcr_c.a(initio.o)
                0x00006b78                _initio
 .text.setvbuf  0x00006bf4       0x4c c:/nxp/mcuxpressoide_11.9.0_2144/ide/plugins/com.nxp.mcuxpresso.tools.win32_11.9.0.202307121226/tools/bin/../lib/gcc/arm-none-eabi/12.3.1/../../../../arm-none-eabi/lib/thumb/v6-m/nofp\libcr_c.a(setvbuf.o)
                0x00006bf4                setvbuf
 .text.strlen   0x00006c40       0x5c c:/nxp/mcuxpressoide_11.9.0_2144/ide/plugins/com.nxp.mcuxpresso.tools.win32_11.9.0.202307121226/tools/bin/../lib/gcc/arm-none-eabi/12.3.1/../../../../arm-none-eabi/lib/thumb/v6-m/nofp\libcr_c.a(strlen.o)
                0x00006c40                strlen
 .text._sbrk    0x00006c9c       0x44 c:/nxp/mcuxpressoide_11.9.0_2144/ide/plugins/com.nxp.mcuxpresso.tools.win32_11.9.0.202307121226/tools/bin/../lib/gcc/arm-none-eabi/12.3.1/../../../../arm-none-eabi/lib/thumb/v6-m/nofp\libcr_c.a(_cr_sbrk.o)
                0x00006c9c                _sbrk
 .text._fdopen  0x00006ce0       0x74 c:/nxp/mcuxpressoide_11.9.0_2144/ide/plugins/com.nxp.mcuxpresso.tools.win32_11.9.0.202307121226/tools/bin/../lib/gcc/arm-none-eabi/12.3.1/../../../../arm-none-eabi/lib/thumb/v6-m/nofp\libcr_c.a(_fdopen.o)
                0x00006ce0                _fdopen
 .text.fclose   0x00006d54       0x5c c:/nxp/mcuxpressoide_11.9.0_2144/ide/plugins/com.nxp.mcuxpresso.tools.win32_11.9.0.202307121226/tools/bin/../lib/gcc/arm-none-eabi/12.3.1/../../../../arm-none-eabi/lib/thumb/v6-m/nofp\libcr_c.a(fclose.o)
                0x00006d54                fclose
 .text.fflush   0x00006db0       0x40 c:/nxp/mcuxpressoide_11.9.0_2144/ide/plugins/com.nxp.mcuxpresso.tools.win32_11.9.0.202307121226/tools/bin/../lib/gcc/arm-none-eabi/12.3.1/../../../../arm-none-eabi/lib/thumb/v6-m/nofp\libcr_c.a(fflush.o)
                0x00006db0                fflush
 .text.__check_heap_overflow
                0x00006df0       0x18 c:/nxp/mcuxpressoide_11.9.0_2144/ide/plugins/com.nxp.mcuxpresso.tools.win32_11.9.0.202307121226/tools/bin/../lib/gcc/arm-none-eabi/12.3.1/../../../../arm-none-eabi/lib/thumb/v6-m/nofp\libcr_c.a(_cr_check_heap.o)
                0x00006df0                __check_heap_overflow
 .text._do_fflush
                0x00006e08       0x48 c:/nxp/mcuxpressoide_11.9.0_2144/ide/plugins/com.nxp.mcuxpresso.tools.win32_11.9.0.202307121226/tools/bin/../lib/gcc/arm-none-eabi/12.3.1/../../../../arm-none-eabi/lib/thumb/v6-m/nofp\libcr_c.a(_do_fflush.o)
                0x00006e08                _do_fflush
 .text.DbgConsole_PrintCallback
                0x00006e50       0x6c ./utilities/fsl_debug_console.o
 .text.DbgConsole_Getchar
                0x00006ebc       0x20 ./utilities/fsl_debug_console.o
                0x00006ebc                DbgConsole_Getchar
 .text.PrintGetWidth
                0x00006edc       0x7c ./utilities/fsl_str.o
 .text.PrintGetPrecision
                0x00006f58       0xa0 ./utilities/fsl_str.o
 .text.PrintIsobpu
                0x00006ff8       0x3e ./utilities/fsl_str.o
 .text.PrintIsdi
                0x00007036       0x2e ./utilities/fsl_str.o
 .text.PrintOutputdifFobpu
                0x00007064       0x48 ./utilities/fsl_str.o
 .text.PrintOutputxX
                0x000070ac       0x48 ./utilities/fsl_str.o
 .text.PrintIsfF
                0x000070f4       0x2e ./utilities/fsl_str.o
 .text.PrintIsxX
                0x00007122       0x2e ./utilities/fsl_str.o
 .text.PrintGetRadixFromobpu
                0x00007150       0x58 ./utilities/fsl_str.o
 .text.ConvertRadixNumToString
                0x000071a8      0x118 ./utilities/fsl_str.o
 .text.StrFormatPrintf
                0x000072c0      0x2a6 ./utilities/fsl_str.o
                0x000072c0                StrFormatPrintf
 .text.CLOCK_BootToFeeMode
                0x00007566       0x4e ./drivers/fsl_clock.o
                0x00007566                CLOCK_BootToFeeMode
 .text.EnableIRQ
                0x000075b4       0x30 ./drivers/fsl_flexcan.o
 .text.FLEXCAN_ClearStatusFlags
                0x000075e4       0x18 ./drivers/fsl_flexcan.o
 .text.FLEXCAN_GetMbStatusFlags
                0x000075fc       0x1a ./drivers/fsl_flexcan.o
 .text.FLEXCAN_ClearMbStatusFlags
                0x00007616       0x18 ./drivers/fsl_flexcan.o
 .text.FLEXCAN_EnableMbInterrupts
                0x0000762e       0x1e ./drivers/fsl_flexcan.o
 .text.FLEXCAN_DisableMbInterrupts
                0x0000764c       0x20 ./drivers/fsl_flexcan.o
 .text.FLEXCAN_Enable
                0x0000766c       0x56 ./drivers/fsl_flexcan.o
 .text.FLEXCAN_EnterFreezeMode
                0x000076c2       0x3c ./drivers/fsl_flexcan.o
 .text.FLEXCAN_IsMbOccupied
                0x000076fe       0x5e ./drivers/fsl_flexcan.o
                0x000076fe                FLEXCAN_IsMbOccupied
 .text.FLEXCAN_SetRxMbGlobalMask
                0x0000775c       0x34 ./drivers/fsl_flexcan.o
                0x0000775c                FLEXCAN_SetRxMbGlobalMask
 .text.LPUART_GetStatusFlags
                0x00007790       0x28 ./drivers/fsl_lpuart.o
                0x00007790                LPUART_GetStatusFlags
 .text.SystemInitHook
                0x000077b8        0xa ./device/system_MKW38A4.o
                0x000077b8                SystemInitHook
 .text.DisableGlobalIRQ
                0x000077c2       0x1e ./component/serial_manager/serial_manager.o
 .text.EnableGlobalIRQ
                0x000077e0       0x1c ./component/serial_manager/serial_manager.o
 .text.SerialManager_WriteBlocking
                0x000077fc       0x22 ./component/serial_manager/serial_manager.o
                0x000077fc                SerialManager_WriteBlocking
 .text.SerialManager_ReadBlocking
                0x0000781e       0x22 ./component/serial_manager/serial_manager.o
                0x0000781e                SerialManager_ReadBlocking
 .text.BOARD_InitDebugConsole
                0x00007840       0x2a ./board/board.o
                0x00007840                BOARD_InitDebugConsole
 .text.SVC_Handler
                0x0000786a        0xa ./amazon-freertos/freertos/portable/port.o
                0x0000786a                SVC_Handler
 .text.ulSetInterruptMaskFromISR
                0x00007874        0xc ./amazon-freertos/freertos/portable/port.o
                0x00007874                ulSetInterruptMaskFromISR
 .text.vClearInterruptMaskFromISR
                0x00007880        0x8 ./amazon-freertos/freertos/portable/port.o
                0x00007880                vClearInterruptMaskFromISR
 .text.vListInitialise
                0x00007888       0x3c ./amazon-freertos/freertos/list.o
                0x00007888                vListInitialise
 .text.vListInitialiseItem
                0x000078c4       0x16 ./amazon-freertos/freertos/list.o
                0x000078c4                vListInitialiseItem
 .text.vListInsertEnd
                0x000078da       0x44 ./amazon-freertos/freertos/list.o
                0x000078da                vListInsertEnd
 .text.vListInsert
                0x0000791e       0x6c ./amazon-freertos/freertos/list.o
                0x0000791e                vListInsert
 .text.uxListRemove
                0x0000798a       0x50 ./amazon-freertos/freertos/list.o
                0x0000798a                uxListRemove
 .text.xQueueGenericReset
                0x000079da       0xaa ./amazon-freertos/freertos/queue.o
                0x000079da                xQueueGenericReset
 .text.xQueueGenericCreate
                0x00007a84       0x9e ./amazon-freertos/freertos/queue.o
                0x00007a84                xQueueGenericCreate
 .text.prvInitialiseNewQueue
                0x00007b22       0x4e ./amazon-freertos/freertos/queue.o
 .text.xQueueGenericSend
                0x00007b70      0x190 ./amazon-freertos/freertos/queue.o
                0x00007b70                xQueueGenericSend
 .text.xQueueGenericSendFromISR
                0x00007d00       0xfa ./amazon-freertos/freertos/queue.o
                0x00007d00                xQueueGenericSendFromISR
 .text.xQueueReceive
                0x00007dfa      0x170 ./amazon-freertos/freertos/queue.o
                0x00007dfa                xQueueReceive
 .text.prvCopyDataToQueue
                0x00007f6a       0xd6 ./amazon-freertos/freertos/queue.o
 .text.prvCopyDataFromQueue
                0x00008040       0x4c ./amazon-freertos/freertos/queue.o
 .text.prvUnlockQueue
                0x0000808c       0xbc ./amazon-freertos/freertos/queue.o
 .text.prvIsQueueEmpty
                0x00008148       0x2c ./amazon-freertos/freertos/queue.o
 .text.prvIsQueueFull
                0x00008174       0x30 ./amazon-freertos/freertos/queue.o
 .text.vQueueWaitForMessageRestricted
                0x000081a4       0x66 ./amazon-freertos/freertos/queue.o
                0x000081a4                vQueueWaitForMessageRestricted
 .text.xTaskCreate
                0x0000820a       0x90 ./amazon-freertos/freertos/tasks.o
                0x0000820a                xTaskCreate
 .text.prvDeleteTCB
                0x0000829a       0x22 ./amazon-freertos/freertos/tasks.o
 .text.xTimerCreate
                0x000082bc       0x46 ./amazon-freertos/freertos/timers.o
                0x000082bc                xTimerCreate
 .text.prvInitialiseNewTimer
                0x00008302       0x66 ./amazon-freertos/freertos/timers.o
 .text.prvTimerTask
                0x00008368       0x2a ./amazon-freertos/freertos/timers.o
 .text.__main   0x00008392        0xc c:/nxp/mcuxpressoide_11.9.0_2144/ide/plugins/com.nxp.mcuxpresso.tools.win32_11.9.0.202307121226/tools/bin/../lib/gcc/arm-none-eabi/12.3.1/../../../../arm-none-eabi/lib/thumb/v6-m/nofp\libcr_nohost_nf.a(_cr__main.o)
                0x00008392                __main
 .text.__sys_appexit
                0x0000839e        0x2 c:/nxp/mcuxpressoide_11.9.0_2144/ide/plugins/com.nxp.mcuxpresso.tools.win32_11.9.0.202307121226/tools/bin/../lib/gcc/arm-none-eabi/12.3.1/../../../../arm-none-eabi/lib/thumb/v6-m/nofp\libcr_nohost_nf.a(__sys_appexit.o)
                0x0000839e                __sys_appexit
                0x0000839e                __exit
 .text.memcpy   0x000083a0        0x8 c:/nxp/mcuxpressoide_11.9.0_2144/ide/plugins/com.nxp.mcuxpresso.tools.win32_11.9.0.202307121226/tools/bin/../lib/gcc/arm-none-eabi/12.3.1/../../../../arm-none-eabi/lib/thumb/v6-m/nofp\libcr_c.a(memcpy.o)
                0x000083a0                memcpy
 .text.memset   0x000083a8        0x8 c:/nxp/mcuxpressoide_11.9.0_2144/ide/plugins/com.nxp.mcuxpresso.tools.win32_11.9.0.202307121226/tools/bin/../lib/gcc/arm-none-eabi/12.3.1/../../../../arm-none-eabi/lib/thumb/v6-m/nofp\libcr_c.a(memset.o)
                0x000083a8                memset
 .text.free     0x000083b0       0x2c c:/nxp/mcuxpressoide_11.9.0_2144/ide/plugins/com.nxp.mcuxpresso.tools.win32_11.9.0.202307121226/tools/bin/../lib/gcc/arm-none-eabi/12.3.1/../../../../arm-none-eabi/lib/thumb/v6-m/nofp\libcr_c.a(alloc.o)
                0x000083b0                free
 .text.fputs    0x000083dc       0x2e c:/nxp/mcuxpressoide_11.9.0_2144/ide/plugins/com.nxp.mcuxpresso.tools.win32_11.9.0.202307121226/tools/bin/../lib/gcc/arm-none-eabi/12.3.1/../../../../arm-none-eabi/lib/thumb/v6-m/nofp\libcr_c.a(fputs.o)
                0x000083dc                fputs
 .text.remove   0x0000840a       0x12 c:/nxp/mcuxpressoide_11.9.0_2144/ide/plugins/com.nxp.mcuxpresso.tools.win32_11.9.0.202307121226/tools/bin/../lib/gcc/arm-none-eabi/12.3.1/../../../../arm-none-eabi/lib/thumb/v6-m/nofp\libcr_c.a(remove.o)
                0x0000840a                remove
 .text.__aeabi_division_idivmod
                0x0000841c       0x78 c:/nxp/mcuxpressoide_11.9.0_2144/ide/plugins/com.nxp.mcuxpresso.tools.win32_11.9.0.202307121226/tools/bin/../lib/gcc/arm-none-eabi/12.3.1/thumb/v6-m/nofp\libcr_eabihelpers.a(division_32.o)
                0x0000841c                __aeabi_idivmod
                0x0000841c                __aeabi_idiv
                0x00008422                __aeabi_uidivmod
                0x00008422                __aeabi_uidiv
 .text.__aeabi_division_idiv0
                0x00008494        0x2 c:/nxp/mcuxpressoide_11.9.0_2144/ide/plugins/com.nxp.mcuxpresso.tools.win32_11.9.0.202307121226/tools/bin/../lib/gcc/arm-none-eabi/12.3.1/thumb/v6-m/nofp\libcr_eabihelpers.a(division_idiv0.o)
                0x00008494                __aeabi_idiv0
 .text.__aeabi_memcpy
                0x00008496       0x2c c:/nxp/mcuxpressoide_11.9.0_2144/ide/plugins/com.nxp.mcuxpresso.tools.win32_11.9.0.202307121226/tools/bin/../lib/gcc/arm-none-eabi/12.3.1/thumb/v6-m/nofp\libcr_eabihelpers.a(memcpy.o)
                0x00008496                __aeabi_memcpy4
                0x00008496                __aeabi_memcpy8
                0x00008496                __aeabi_memcpy
 .text.__aeabi_memset_lowlevel
                0x000084c2       0x2a c:/nxp/mcuxpressoide_11.9.0_2144/ide/plugins/com.nxp.mcuxpresso.tools.win32_11.9.0.202307121226/tools/bin/../lib/gcc/arm-none-eabi/12.3.1/thumb/v6-m/nofp\libcr_eabihelpers.a(memcpy.o)
                0x000084c2                __aeabi_lowlevel_memset
 .text.__sys_close
                0x000084ec        0x6 c:/nxp/mcuxpressoide_11.9.0_2144/ide/plugins/com.nxp.mcuxpresso.tools.win32_11.9.0.202307121226/tools/bin/../lib/gcc/arm-none-eabi/12.3.1/../../../../arm-none-eabi/lib/thumb/v6-m/nofp\libcr_nohost_nf.a(__sys_close.o)
                0x000084ec                __sys_close
 .text.__sys_flen
                0x000084f2        0x6 c:/nxp/mcuxpressoide_11.9.0_2144/ide/plugins/com.nxp.mcuxpresso.tools.win32_11.9.0.202307121226/tools/bin/../lib/gcc/arm-none-eabi/12.3.1/../../../../arm-none-eabi/lib/thumb/v6-m/nofp\libcr_nohost_nf.a(__sys_flen.o)
                0x000084f2                __sys_flen
 .text.__sys_istty
                0x000084f8        0x6 c:/nxp/mcuxpressoide_11.9.0_2144/ide/plugins/com.nxp.mcuxpresso.tools.win32_11.9.0.202307121226/tools/bin/../lib/gcc/arm-none-eabi/12.3.1/../../../../arm-none-eabi/lib/thumb/v6-m/nofp\libcr_nohost_nf.a(__sys_istty.o)
                0x000084f8                __sys_istty
 .text.__sys_remove
                0x000084fe        0x6 c:/nxp/mcuxpressoide_11.9.0_2144/ide/plugins/com.nxp.mcuxpresso.tools.win32_11.9.0.202307121226/tools/bin/../lib/gcc/arm-none-eabi/12.3.1/../../../../arm-none-eabi/lib/thumb/v6-m/nofp\libcr_nohost_nf.a(__sys_remove.o)
                0x000084fe                __sys_remove
 .text.__sys_seek
                0x00008504        0x6 c:/nxp/mcuxpressoide_11.9.0_2144/ide/plugins/com.nxp.mcuxpresso.tools.win32_11.9.0.202307121226/tools/bin/../lib/gcc/arm-none-eabi/12.3.1/../../../../arm-none-eabi/lib/thumb/v6-m/nofp\libcr_nohost_nf.a(__sys_seek.o)
                0x00008504                __sys_seek
 .text.__sys_tmpnam
                0x0000850a        0x6 c:/nxp/mcuxpressoide_11.9.0_2144/ide/plugins/com.nxp.mcuxpresso.tools.win32_11.9.0.202307121226/tools/bin/../lib/gcc/arm-none-eabi/12.3.1/../../../../arm-none-eabi/lib/thumb/v6-m/nofp\libcr_nohost_nf.a(__sys_tmpnam.o)
                0x0000850a                __sys_tmpnam
 .text.__sys_write
                0x00008510        0x4 c:/nxp/mcuxpressoide_11.9.0_2144/ide/plugins/com.nxp.mcuxpresso.tools.win32_11.9.0.202307121226/tools/bin/../lib/gcc/arm-none-eabi/12.3.1/../../../../arm-none-eabi/lib/thumb/v6-m/nofp\libcr_nohost_nf.a(__sys_write.o)
                0x00008510                __sys_write
 *freertos*/tasks.o(SORT_BY_ALIGNMENT(.rodata*))
 .rodata.vTaskStartScheduler.str1.4
                0x00008514        0x5 ./amazon-freertos/freertos/tasks.o
 *fill*         0x00008519        0x3 ff
 .rodata.xTaskGenericNotify
                0x0000851c       0x14 ./amazon-freertos/freertos/tasks.o
 .rodata.xTaskGenericNotifyFromISR
                0x00008530       0x14 ./amazon-freertos/freertos/tasks.o
 *(SORT_BY_ALIGNMENT(.rodata) SORT_BY_ALIGNMENT(.rodata.*) SORT_BY_ALIGNMENT(.constdata) SORT_BY_ALIGNMENT(.constdata.*))
 .rodata.DbgConsole_SendDataReliable.str1.4
                0x00008544       0x4c ./utilities/fsl_debug_console.o
 .rodata.DbgConsole_ReadCharacter.str1.4
                0x00008590       0x1d ./utilities/fsl_debug_console.o
 *fill*         0x000085ad        0x3 ff
 .rodata.DbgConsole_Init.str1.4
                0x000085b0       0xca ./utilities/fsl_debug_console.o
 *fill*         0x0000867a        0x2 ff
 .rodata.main.str1.4
                0x0000867c      0x2bf ./source/flexcan_interrupt_transfer.o
                                0x2c3 (size before relaxing)
 *fill*         0x0000893b        0x1 ff
 .rodata.Init_CanBus_C.str1.4
                0x0000893c       0x4c ./source/flexcan_interrupt_transfer.o
 .rodata.Can_Reseive_Menssage.str1.4
                0x00008988       0xe3 ./source/flexcan_interrupt_transfer.o
 *fill*         0x00008a6b        0x1 ff
 .rodata.producer_task.str1.4
                0x00008a6c      0x148 ./source/flexcan_interrupt_transfer.o
 .rodata.SwTimerCallback.str1.4
                0x00008bb4        0x8 ./source/flexcan_interrupt_transfer.o
 .rodata.CLOCK_GetMcgExtClkFreq.str1.4
                0x00008bbc       0x49 ./drivers/fsl_clock.o
 *fill*         0x00008c05        0x3 ff
 .rodata.CLOCK_GetEr32kClkFreq.str1.4
                0x00008c08       0x25 ./drivers/fsl_clock.o
 *fill*         0x00008c2d        0x3 ff
 .rodata.CLOCK_GetOsc0ErClkFreq.str1.4
                0x00008c30       0x24 ./drivers/fsl_clock.o
 .rodata.CLOCK_GetFreq.str1.4
                0x00008c54       0x24 ./drivers/fsl_clock.o
 .rodata.CLOCK_GetFreq
                0x00008c78       0x24 ./drivers/fsl_clock.o
 .rodata.fllFactorTable.1
                0x00008c9c       0x10 ./drivers/fsl_clock.o
 .rodata.FLEXCAN_GetInstance.str1.4
                0x00008cac       0x3a ./drivers/fsl_flexcan.o
 *fill*         0x00008ce6        0x2 ff
 .rodata.FLEXCAN_IsMbIntEnabled.str1.4
                0x00008ce8       0x5e ./drivers/fsl_flexcan.o
 *fill*         0x00008d46        0x2 ff
 .rodata.FLEXCAN_Reset.str1.4
                0x00008d48       0x3a ./drivers/fsl_flexcan.o
 *fill*         0x00008d82        0x2 ff
 .rodata.FLEXCAN_SetBaudRate.str1.4
                0x00008d84       0x5d ./drivers/fsl_flexcan.o
 *fill*         0x00008de1        0x3 ff
 .rodata.FLEXCAN_SetFDBaudRate.str1.4
                0x00008de4       0x5d ./drivers/fsl_flexcan.o
 *fill*         0x00008e41        0x3 ff
 .rodata.FLEXCAN_Init.str1.4
                0x00008e44       0xab ./drivers/fsl_flexcan.o
 *fill*         0x00008eef        0x1 ff
 .rodata.FLEXCAN_FDInit.str1.4
                0x00008ef0       0x2d ./drivers/fsl_flexcan.o
 *fill*         0x00008f1d        0x3 ff
 .rodata.FLEXCAN_GetDefaultConfig.str1.4
                0x00008f20       0x23 ./drivers/fsl_flexcan.o
 *fill*         0x00008f43        0x1 ff
 .rodata.FLEXCAN_SetTimingConfig.str1.4
                0x00008f44       0x24 ./drivers/fsl_flexcan.o
 .rodata.FLEXCAN_SetFDTimingConfig.str1.4
                0x00008f68       0x24 ./drivers/fsl_flexcan.o
 .rodata.FLEXCAN_SetTxMbConfig.str1.4
                0x00008f8c       0x80 ./drivers/fsl_flexcan.o
 .rodata.FLEXCAN_GetFDMailboxOffset.str1.4
                0x0000900c       0x1b ./drivers/fsl_flexcan.o
 *fill*         0x00009027        0x1 ff
 .rodata.FLEXCAN_FDGetSegments.str1.4
                0x00009028       0x32 ./drivers/fsl_flexcan.o
 *fill*         0x0000905a        0x2 ff
 .rodata.FLEXCAN_FDGetSegmentswithBRS.str1.4
                0x0000905c       0x34 ./drivers/fsl_flexcan.o
 .rodata.FLEXCAN_CalculateImprovedTimingValuesByCBT.str1.4
                0x00009090       0x32 ./drivers/fsl_flexcan.o
 *fill*         0x000090c2        0x2 ff
 .rodata.FLEXCAN_FDCalculateImprovedTimingValues.str1.4
                0x000090c4       0x6a ./drivers/fsl_flexcan.o
 *fill*         0x0000912e        0x2 ff
 .rodata.FLEXCAN_SetFDTxMbConfig.str1.4
                0x00009130       0x80 ./drivers/fsl_flexcan.o
 .rodata.FLEXCAN_SetFDRxMbConfig.str1.4
                0x000091b0       0xc0 ./drivers/fsl_flexcan.o
 .rodata.FLEXCAN_WriteFDTxMb.str1.4
                0x00009270       0xa8 ./drivers/fsl_flexcan.o
 .rodata.FLEXCAN_ReadRxMb.str1.4
                0x00009318       0xa8 ./drivers/fsl_flexcan.o
 .rodata.FLEXCAN_ReadFDRxMb.str1.4
                0x000093c0       0xa8 ./drivers/fsl_flexcan.o
 .rodata.FLEXCAN_ReadRxFifo.str1.4
                0x00009468       0x25 ./drivers/fsl_flexcan.o
 *fill*         0x0000948d        0x3 ff
 .rodata.FLEXCAN_TransferCreateHandle.str1.4
                0x00009490       0x24 ./drivers/fsl_flexcan.o
 .rodata.FLEXCAN_TransferFDSendNonBlocking.str1.4
                0x000094b4       0xd6 ./drivers/fsl_flexcan.o
 *fill*         0x0000958a        0x2 ff
 .rodata.FLEXCAN_TransferFDReceiveNonBlocking.str1.4
                0x0000958c       0xd6 ./drivers/fsl_flexcan.o
 *fill*         0x00009662        0x2 ff
 .rodata.FLEXCAN_TransferAbortSend.str1.4
                0x00009664       0xdc ./drivers/fsl_flexcan.o
 .rodata.FLEXCAN_TransferFDAbortSend.str1.4
                0x00009740       0xe0 ./drivers/fsl_flexcan.o
 .rodata.FLEXCAN_TransferFDAbortReceive.str1.4
                0x00009820       0xa4 ./drivers/fsl_flexcan.o
 .rodata.FLEXCAN_TransferAbortReceive.str1.4
                0x000098c4       0xa4 ./drivers/fsl_flexcan.o
 .rodata.FLEXCAN_TransferAbortReceiveFifo.str1.4
                0x00009968       0x24 ./drivers/fsl_flexcan.o
 .rodata.FLEXCAN_TransferHandleIRQ.str1.4
                0x0000998c       0x24 ./drivers/fsl_flexcan.o
 .rodata.CAN0_DriverIRQHandler.str1.4
                0x000099b0       0x30 ./drivers/fsl_flexcan.o
 .rodata.s_lpuartBases
                0x000099e0        0x8 ./drivers/fsl_lpuart.o
 .rodata.s_lpuartClock
                0x000099e8        0x8 ./drivers/fsl_lpuart.o
 .rodata.LPUART_GetInstance.str1.4
                0x000099f0       0x38 ./drivers/fsl_lpuart.o
 .rodata.LPUART_Init.str1.4
                0x00009a28      0x10b ./drivers/fsl_lpuart.o
 *fill*         0x00009b33        0x1 ff
 .rodata.LPUART_GetDefaultConfig.str1.4
                0x00009b34       0x22 ./drivers/fsl_lpuart.o
 *fill*         0x00009b56        0x2 ff
 .rodata.LPUART_WriteBlocking.str1.4
                0x00009b58       0x20 ./drivers/fsl_lpuart.o
 .rodata.LPUART_ReadBlocking.str1.4
                0x00009b78       0x20 ./drivers/fsl_lpuart.o
 .rodata.s_LpuartAdapterBase
                0x00009b98        0x8 ./component/uart/lpuart_adapter.o
 .rodata.HAL_UartInit.str1.4
                0x00009ba0       0xdd ./component/uart/lpuart_adapter.o
 *fill*         0x00009c7d        0x3 ff
 .rodata.HAL_UartReceiveBlocking.str1.4
                0x00009c80       0x5a ./component/uart/lpuart_adapter.o
 *fill*         0x00009cda        0x2 ff
 .rodata.HAL_UartSendBlocking.str1.4
                0x00009cdc       0x5a ./component/uart/lpuart_adapter.o
 *fill*         0x00009d36        0x2 ff
 .rodata.SerialManager_Write.str1.4
                0x00009d38       0x82 ./component/serial_manager/serial_manager.o
 *fill*         0x00009dba        0x2 ff
 .rodata.SerialManager_Read.str1.4
                0x00009dbc       0x82 ./component/serial_manager/serial_manager.o
 *fill*         0x00009e3e        0x2 ff
 .rodata.SerialManager_Init.str1.4
                0x00009e40       0x44 ./component/serial_manager/serial_manager.o
 .rodata.SerialManager_OpenWriteHandle.str1.4
                0x00009e84       0x4c ./component/serial_manager/serial_manager.o
 .rodata.SerialManager_OpenReadHandle.str1.4
                0x00009ed0       0x4b ./component/serial_manager/serial_manager.o
 *fill*         0x00009f1b        0x1 ff
 .rodata.Serial_UartInit.str1.4
                0x00009f1c       0x9e ./component/serial_manager/serial_port_uart.o
 *fill*         0x00009fba        0x2 ff
 .rodata.Serial_UartWrite.str1.4
                0x00009fbc       0x68 ./component/serial_manager/serial_port_uart.o
 .rodata.Serial_UartRead.str1.4
                0x0000a024       0x68 ./component/serial_manager/serial_port_uart.o
 .rodata.simConfig_BOARD_BootClockRUN
                0x0000a08c        0x8 ./board/clock_config.o
                0x0000a08c                simConfig_BOARD_BootClockRUN
 .rodata.xTimerCreateTimerTask.str1.4
                0x0000a094        0x8 ./amazon-freertos/freertos/timers.o
 .rodata.prvProcessReceivedCommands
                0x0000a09c       0x28 ./amazon-freertos/freertos/timers.o
 .rodata.prvCheckForValidListAndQueue.str1.4
                0x0000a0c4        0x5 ./amazon-freertos/freertos/timers.o
 *fill*         0x0000a0c9        0x3 ff
 .rodata.__num_Ciob_streams
                0x0000a0cc        0x4 c:/nxp/mcuxpressoide_11.9.0_2144/ide/plugins/com.nxp.mcuxpresso.tools.win32_11.9.0.202307121226/tools/bin/../lib/gcc/arm-none-eabi/12.3.1/../../../../arm-none-eabi/lib/thumb/v6-m/nofp\libcr_nohost_nf.a(__ciob.o)
                0x0000a0cc                __num_Ciob_streams
 .rodata.__assertion_failed.str1.1
                0x0000a0d0       0x15 c:/nxp/mcuxpressoide_11.9.0_2144/ide/plugins/com.nxp.mcuxpresso.tools.win32_11.9.0.202307121226/tools/bin/../lib/gcc/arm-none-eabi/12.3.1/../../../../arm-none-eabi/lib/thumb/v6-m/nofp\libcr_nohost_nf.a(_cr_assert.o)
 .rodata._Csys_alloc.str1.1
                0x0000a0e5       0x18 c:/nxp/mcuxpressoide_11.9.0_2144/ide/plugins/com.nxp.mcuxpresso.tools.win32_11.9.0.202307121226/tools/bin/../lib/gcc/arm-none-eabi/12.3.1/../../../../arm-none-eabi/lib/thumb/v6-m/nofp\libcr_c.a(alloc.o)
 .rodata._initio.str1.1
                0x0000a0fd        0x4 c:/nxp/mcuxpressoide_11.9.0_2144/ide/plugins/com.nxp.mcuxpresso.tools.win32_11.9.0.202307121226/tools/bin/../lib/gcc/arm-none-eabi/12.3.1/../../../../arm-none-eabi/lib/thumb/v6-m/nofp\libcr_c.a(initio.o)
                0x0000a108                        . = ALIGN (0x8)
 *fill*         0x0000a101        0x7 ff

.glue_7         0x0000a108        0x0
 .glue_7        0x0000a108        0x0 linker stubs

.glue_7t        0x0000a108        0x0
 .glue_7t       0x0000a108        0x0 linker stubs

.vfp11_veneer   0x0000a108        0x0
 .vfp11_veneer  0x0000a108        0x0 linker stubs

.v4_bx          0x0000a108        0x0
 .v4_bx         0x0000a108        0x0 linker stubs

.iplt           0x0000a108        0x0
 .iplt          0x0000a108        0x0 ./utilities/fsl_debug_console.o

.rel.dyn        0x0000a108        0x0
 .rel.iplt      0x0000a108        0x0 ./utilities/fsl_debug_console.o

.ARM.extab
 *(SORT_BY_ALIGNMENT(.ARM.extab*) SORT_BY_ALIGNMENT(.gnu.linkonce.armextab.*))

.ARM.exidx      0x0000a108        0x0
                0x0000a108                        __exidx_start = .
 *(SORT_BY_ALIGNMENT(.ARM.exidx*) SORT_BY_ALIGNMENT(.gnu.linkonce.armexidx.*))
                0x0000a108                        __exidx_end = .
                0x0000a108                        _etext = .

.mtb_buffer_RAM2
 *(SORT_BY_ALIGNMENT(.mtb.$RAM2*))
 *(SORT_BY_ALIGNMENT(.mtb.$SRAM1*))

.data_RAM2      0x1fffc400        0x0 load address 0x0000a108
 FILL mask 0xff
                [!provide]                        PROVIDE (__start_data_RAM2 = .)
                [!provide]                        PROVIDE (__start_data_SRAM1 = .)
 *(SORT_BY_ALIGNMENT(.ramfunc.$RAM2))
 *(SORT_BY_ALIGNMENT(.ramfunc.$SRAM1))
 *(SORT_BY_ALIGNMENT(.data.$RAM2))
 *(SORT_BY_ALIGNMENT(.data.$SRAM1))
 *(SORT_BY_ALIGNMENT(.data.$RAM2.*))
 *(SORT_BY_ALIGNMENT(.data.$SRAM1.*))
                0x1fffc400                        . = ALIGN (0x8)
                [!provide]                        PROVIDE (__end_data_RAM2 = .)
                [!provide]                        PROVIDE (__end_data_SRAM1 = .)

.mtb_buffer_RAM3
 *(SORT_BY_ALIGNMENT(.mtb.$RAM3*))
 *(SORT_BY_ALIGNMENT(.mtb.$FLEX_RAM*))

.data_RAM3      0x14000000        0x0 load address 0x0000a108
 FILL mask 0xff
                [!provide]                        PROVIDE (__start_data_RAM3 = .)
                [!provide]                        PROVIDE (__start_data_FLEX_RAM = .)
 *(SORT_BY_ALIGNMENT(.ramfunc.$RAM3))
 *(SORT_BY_ALIGNMENT(.ramfunc.$FLEX_RAM))
 *(SORT_BY_ALIGNMENT(.data.$RAM3))
 *(SORT_BY_ALIGNMENT(.data.$FLEX_RAM))
 *(SORT_BY_ALIGNMENT(.data.$RAM3.*))
 *(SORT_BY_ALIGNMENT(.data.$FLEX_RAM.*))
                0x14000000                        . = ALIGN (0x8)
                [!provide]                        PROVIDE (__end_data_RAM3 = .)
                [!provide]                        PROVIDE (__end_data_FLEX_RAM = .)

.mtb_buffer_RAM4
 *(SORT_BY_ALIGNMENT(.mtb.$RAM4*))
 *(SORT_BY_ALIGNMENT(.mtb.$WARMBOOT_STACK*))

.data_RAM4      0x1fffc000        0x0 load address 0x0000a108
 FILL mask 0xff
                [!provide]                        PROVIDE (__start_data_RAM4 = .)
                [!provide]                        PROVIDE (__start_data_WARMBOOT_STACK = .)
 *(SORT_BY_ALIGNMENT(.ramfunc.$RAM4))
 *(SORT_BY_ALIGNMENT(.ramfunc.$WARMBOOT_STACK))
 *(SORT_BY_ALIGNMENT(.data.$RAM4))
 *(SORT_BY_ALIGNMENT(.data.$WARMBOOT_STACK))
 *(SORT_BY_ALIGNMENT(.data.$RAM4.*))
 *(SORT_BY_ALIGNMENT(.data.$WARMBOOT_STACK.*))
                0x1fffc000                        . = ALIGN (0x8)
                [!provide]                        PROVIDE (__end_data_RAM4 = .)
                [!provide]                        PROVIDE (__end_data_WARMBOOT_STACK = .)

.mtb_buffer_RAM5
 *(SORT_BY_ALIGNMENT(.mtb.$RAM5*))
 *(SORT_BY_ALIGNMENT(.mtb.$WARMBOOT_CONFIG*))

.data_RAM5      0x20000000        0x0 load address 0x0000a108
 FILL mask 0xff
                [!provide]                        PROVIDE (__start_data_RAM5 = .)
                [!provide]                        PROVIDE (__start_data_WARMBOOT_CONFIG = .)
 *(SORT_BY_ALIGNMENT(.ramfunc.$RAM5))
 *(SORT_BY_ALIGNMENT(.ramfunc.$WARMBOOT_CONFIG))
 *(SORT_BY_ALIGNMENT(.data.$RAM5))
 *(SORT_BY_ALIGNMENT(.data.$WARMBOOT_CONFIG))
 *(SORT_BY_ALIGNMENT(.data.$RAM5.*))
 *(SORT_BY_ALIGNMENT(.data.$WARMBOOT_CONFIG.*))
                0x20000000                        . = ALIGN (0x8)
                [!provide]                        PROVIDE (__end_data_RAM5 = .)
                [!provide]                        PROVIDE (__end_data_WARMBOOT_CONFIG = .)

.mtb_buffer_default
                0x20000080       0x80
 *(SORT_BY_ALIGNMENT(.mtb*))
 .mtb.$RAM1     0x20000080       0x80 ./source/mtb.o
                0x20000080                __mtb_buffer__

.uninit_RESERVED
                0x20000100        0x0
                0x20000100                        _start_uninit_RESERVED = .
 *(SORT_BY_ALIGNMENT(.bss.$RESERVED*))
                0x20000100                        . = ALIGN (0x8)
                0x20000100                        _end_uninit_RESERVED = .

.data           0x20000100       0x28 load address 0x0000a108
 FILL mask 0xff
                0x20000100                        _data = .
                [!provide]                        PROVIDE (__start_data_RAM = .)
                [!provide]                        PROVIDE (__start_data_SRAM = .)
 *(SORT_BY_ALIGNMENT(vtable))
 *(SORT_BY_ALIGNMENT(.ramfunc*))
 *(SORT_BY_ALIGNMENT(CodeQuickAccess))
 *(SORT_BY_ALIGNMENT(DataQuickAccess))
 *(SORT_BY_ALIGNMENT(RamFunction))
 *(SORT_BY_ALIGNMENT(.data*))
 .data.baudRates
                0x20000100        0xc ./source/flexcan_interrupt_transfer.o
                0x20000100                baudRates
 .data.PIDs     0x2000010c        0xa ./source/flexcan_interrupt_transfer.o
                0x2000010c                PIDs
 *fill*         0x20000116        0x2 ff
 .data.s_slowIrcFreq
                0x20000118        0x4 ./drivers/fsl_clock.o
 .data.s_fastIrcFreq
                0x2000011c        0x4 ./drivers/fsl_clock.o
 .data.SystemCoreClock
                0x20000120        0x4 ./device/system_MKW38A4.o
                0x20000120                SystemCoreClock
 .data.uxCriticalNesting
                0x20000124        0x4 ./amazon-freertos/freertos/portable/port.o
                0x20000128                        . = ALIGN (0x8)
                0x20000128                        _edata = .
                [!provide]                        PROVIDE (__end_data_RAM = .)
                [!provide]                        PROVIDE (__end_data_SRAM = .)

.igot.plt       0x20000128        0x0 load address 0x0000a130
 .igot.plt      0x20000128        0x0 ./utilities/fsl_debug_console.o

.bss_RAM2       0x1fffc400        0x0
                [!provide]                        PROVIDE (__start_bss_RAM2 = .)
                [!provide]                        PROVIDE (__start_bss_SRAM1 = .)
 *(SORT_BY_ALIGNMENT(.bss.$RAM2))
 *(SORT_BY_ALIGNMENT(.bss.$SRAM1))
 *(SORT_BY_ALIGNMENT(.bss.$RAM2.*))
 *(SORT_BY_ALIGNMENT(.bss.$SRAM1.*))
                0x1fffc400                        . = ALIGN ((. != 0x0)?0x8:0x1)
                [!provide]                        PROVIDE (__end_bss_RAM2 = .)
                [!provide]                        PROVIDE (__end_bss_SRAM1 = .)

.bss_RAM3       0x14000000        0x0
                [!provide]                        PROVIDE (__start_bss_RAM3 = .)
                [!provide]                        PROVIDE (__start_bss_FLEX_RAM = .)
 *(SORT_BY_ALIGNMENT(.bss.$RAM3))
 *(SORT_BY_ALIGNMENT(.bss.$FLEX_RAM))
 *(SORT_BY_ALIGNMENT(.bss.$RAM3.*))
 *(SORT_BY_ALIGNMENT(.bss.$FLEX_RAM.*))
                0x14000000                        . = ALIGN ((. != 0x0)?0x8:0x1)
                [!provide]                        PROVIDE (__end_bss_RAM3 = .)
                [!provide]                        PROVIDE (__end_bss_FLEX_RAM = .)

.bss_RAM4       0x1fffc000        0x0
                [!provide]                        PROVIDE (__start_bss_RAM4 = .)
                [!provide]                        PROVIDE (__start_bss_WARMBOOT_STACK = .)
 *(SORT_BY_ALIGNMENT(.bss.$RAM4))
 *(SORT_BY_ALIGNMENT(.bss.$WARMBOOT_STACK))
 *(SORT_BY_ALIGNMENT(.bss.$RAM4.*))
 *(SORT_BY_ALIGNMENT(.bss.$WARMBOOT_STACK.*))
                0x1fffc000                        . = ALIGN ((. != 0x0)?0x8:0x1)
                [!provide]                        PROVIDE (__end_bss_RAM4 = .)
                [!provide]                        PROVIDE (__end_bss_WARMBOOT_STACK = .)

.bss_RAM5       0x20000000        0x0
                [!provide]                        PROVIDE (__start_bss_RAM5 = .)
                [!provide]                        PROVIDE (__start_bss_WARMBOOT_CONFIG = .)
 *(SORT_BY_ALIGNMENT(.bss.$RAM5))
 *(SORT_BY_ALIGNMENT(.bss.$WARMBOOT_CONFIG))
 *(SORT_BY_ALIGNMENT(.bss.$RAM5.*))
 *(SORT_BY_ALIGNMENT(.bss.$WARMBOOT_CONFIG.*))
                0x20000000                        . = ALIGN ((. != 0x0)?0x8:0x1)
                [!provide]                        PROVIDE (__end_bss_RAM5 = .)
                [!provide]                        PROVIDE (__end_bss_WARMBOOT_CONFIG = .)

.bss            0x20000128     0x3f18
                0x20000128                        _bss = .
                [!provide]                        PROVIDE (__start_bss_RAM = .)
                [!provide]                        PROVIDE (__start_bss_SRAM = .)
 *(SORT_BY_ALIGNMENT(.bss*))
 .bss.s_debugConsoleState
                0x20000128       0x1c ./utilities/fsl_debug_console.o
 .bss.g_serialHandle
                0x20000144        0x4 ./utilities/fsl_debug_console.o
                0x20000144                g_serialHandle
 .bss.flexcanHandle
                0x20000148      0x130 ./source/flexcan_interrupt_transfer.o
                0x20000148                flexcanHandle
 .bss.txXfer    0x20000278        0xc ./source/flexcan_interrupt_transfer.o
                0x20000278                txXfer
 .bss.rxXfer    0x20000284        0xc ./source/flexcan_interrupt_transfer.o
                0x20000284                rxXfer
 .bss.frame     0x20000290       0x48 ./source/flexcan_interrupt_transfer.o
                0x20000290                frame
 .bss.txIdentifier
                0x200002d8        0x4 ./source/flexcan_interrupt_transfer.o
                0x200002d8                txIdentifier
 .bss.rxIdentifier
                0x200002dc        0x4 ./source/flexcan_interrupt_transfer.o
                0x200002dc                rxIdentifier
 .bss.flexcanConfig
                0x200002e0       0x1c ./source/flexcan_interrupt_transfer.o
                0x200002e0                flexcanConfig
 .bss.mbConfig  0x200002fc        0x8 ./source/flexcan_interrupt_transfer.o
                0x200002fc                mbConfig
 .bss.Found_ID  0x20000304     0x12c0 ./source/flexcan_interrupt_transfer.o
                0x20000304                Found_ID
 .bss.SwTimerHandle
                0x200015c4        0x4 ./source/flexcan_interrupt_transfer.o
                0x200015c4                SwTimerHandle
 .bss.s_flexcanHandle
                0x200015c8        0x4 ./drivers/fsl_flexcan.o
 .bss.s_flexcanIsr
                0x200015cc        0x4 ./drivers/fsl_flexcan.o
 .bss.s_lpuartHandle
                0x200015d0        0x8 ./drivers/fsl_lpuart.o
 .bss.s_lpuartIsr
                0x200015d8        0x4 ./drivers/fsl_lpuart.o
 .bss.ucHeap    0x200015dc     0x2800 ./amazon-freertos/freertos/portable/heap_4.o
 .bss.xStart    0x20003ddc        0x8 ./amazon-freertos/freertos/portable/heap_4.o
 .bss.pxEnd     0x20003de4        0x4 ./amazon-freertos/freertos/portable/heap_4.o
 .bss.xFreeBytesRemaining
                0x20003de8        0x4 ./amazon-freertos/freertos/portable/heap_4.o
 .bss.xMinimumEverFreeBytesRemaining
                0x20003dec        0x4 ./amazon-freertos/freertos/portable/heap_4.o
 .bss.xBlockAllocatedBit
                0x20003df0        0x4 ./amazon-freertos/freertos/portable/heap_4.o
 .bss.xQueueRegistry
                0x20003df4       0x40 ./amazon-freertos/freertos/queue.o
                0x20003df4                xQueueRegistry
 .bss.pxCurrentTCB
                0x20003e34        0x4 ./amazon-freertos/freertos/tasks.o
                0x20003e34                pxCurrentTCB
 .bss.pxReadyTasksLists
                0x20003e38       0x64 ./amazon-freertos/freertos/tasks.o
 .bss.xDelayedTaskList1
                0x20003e9c       0x14 ./amazon-freertos/freertos/tasks.o
 .bss.xDelayedTaskList2
                0x20003eb0       0x14 ./amazon-freertos/freertos/tasks.o
 .bss.pxDelayedTaskList
                0x20003ec4        0x4 ./amazon-freertos/freertos/tasks.o
 .bss.pxOverflowDelayedTaskList
                0x20003ec8        0x4 ./amazon-freertos/freertos/tasks.o
 .bss.xPendingReadyList
                0x20003ecc       0x14 ./amazon-freertos/freertos/tasks.o
 .bss.xTasksWaitingTermination
                0x20003ee0       0x14 ./amazon-freertos/freertos/tasks.o
 .bss.uxDeletedTasksWaitingCleanUp
                0x20003ef4        0x4 ./amazon-freertos/freertos/tasks.o
 .bss.xSuspendedTaskList
                0x20003ef8       0x14 ./amazon-freertos/freertos/tasks.o
 .bss.uxCurrentNumberOfTasks
                0x20003f0c        0x4 ./amazon-freertos/freertos/tasks.o
 .bss.xTickCount
                0x20003f10        0x4 ./amazon-freertos/freertos/tasks.o
 .bss.uxTopReadyPriority
                0x20003f14        0x4 ./amazon-freertos/freertos/tasks.o
 .bss.xSchedulerRunning
                0x20003f18        0x4 ./amazon-freertos/freertos/tasks.o
 .bss.uxPendedTicks
                0x20003f1c        0x4 ./amazon-freertos/freertos/tasks.o
 .bss.xYieldPending
                0x20003f20        0x4 ./amazon-freertos/freertos/tasks.o
 .bss.xNumOfOverflows
                0x20003f24        0x4 ./amazon-freertos/freertos/tasks.o
 .bss.uxTaskNumber
                0x20003f28        0x4 ./amazon-freertos/freertos/tasks.o
 .bss.xNextTaskUnblockTime
                0x20003f2c        0x4 ./amazon-freertos/freertos/tasks.o
 .bss.xIdleTaskHandle
                0x20003f30        0x4 ./amazon-freertos/freertos/tasks.o
 .bss.uxSchedulerSuspended
                0x20003f34        0x4 ./amazon-freertos/freertos/tasks.o
 .bss.xActiveTimerList1
                0x20003f38       0x14 ./amazon-freertos/freertos/timers.o
 .bss.xActiveTimerList2
                0x20003f4c       0x14 ./amazon-freertos/freertos/timers.o
 .bss.pxCurrentTimerList
                0x20003f60        0x4 ./amazon-freertos/freertos/timers.o
 .bss.pxOverflowTimerList
                0x20003f64        0x4 ./amazon-freertos/freertos/timers.o
 .bss.xTimerQueue
                0x20003f68        0x4 ./amazon-freertos/freertos/timers.o
 .bss.xTimerTaskHandle
                0x20003f6c        0x4 ./amazon-freertos/freertos/timers.o
 .bss.xLastTime.0
                0x20003f70        0x4 ./amazon-freertos/freertos/timers.o
 .bss.__Ciob    0x20003f74       0xb4 c:/nxp/mcuxpressoide_11.9.0_2144/ide/plugins/com.nxp.mcuxpresso.tools.win32_11.9.0.202307121226/tools/bin/../lib/gcc/arm-none-eabi/12.3.1/../../../../arm-none-eabi/lib/thumb/v6-m/nofp\libcr_nohost_nf.a(__ciob.o)
                0x20003f74                __Ciob
 .bss.__end_of_heap
                0x20004028        0x4 c:/nxp/mcuxpressoide_11.9.0_2144/ide/plugins/com.nxp.mcuxpresso.tools.win32_11.9.0.202307121226/tools/bin/../lib/gcc/arm-none-eabi/12.3.1/../../../../arm-none-eabi/lib/thumb/v6-m/nofp\libcr_c.a(__init_alloc.o)
                0x20004028                __end_of_heap
 .bss.__heaps   0x2000402c        0x4 c:/nxp/mcuxpressoide_11.9.0_2144/ide/plugins/com.nxp.mcuxpresso.tools.win32_11.9.0.202307121226/tools/bin/../lib/gcc/arm-none-eabi/12.3.1/../../../../arm-none-eabi/lib/thumb/v6-m/nofp\libcr_c.a(__init_alloc.o)
                0x2000402c                __heaps
 .bss.errno     0x20004030        0x4 c:/nxp/mcuxpressoide_11.9.0_2144/ide/plugins/com.nxp.mcuxpresso.tools.win32_11.9.0.202307121226/tools/bin/../lib/gcc/arm-none-eabi/12.3.1/../../../../arm-none-eabi/lib/thumb/v6-m/nofp\libcr_c.a(errno.o)
                0x20004030                errno
 .bss.txComplete
                0x20004034        0x1 ./source/flexcan_interrupt_transfer.o
                0x20004034                txComplete
 .bss.rxComplete
                0x20004035        0x1 ./source/flexcan_interrupt_transfer.o
                0x20004035                rxComplete
 .bss.wakenUp   0x20004036        0x1 ./source/flexcan_interrupt_transfer.o
                0x20004036                wakenUp
 .bss.node_type
                0x20004037        0x1 ./source/flexcan_interrupt_transfer.o
                0x20004037                node_type
 .bss.watch_dog
                0x20004038        0x1 ./source/flexcan_interrupt_transfer.o
                0x20004038                watch_dog
 *(SORT_BY_ALIGNMENT(COMMON))
                0x20004040                        . = ALIGN (0x8)
 *fill*         0x20004039        0x7 
                0x20004040                        _ebss = .
                [!provide]                        PROVIDE (__end_bss_RAM = .)
                [!provide]                        PROVIDE (__end_bss_SRAM = .)
                [!provide]                        PROVIDE (end = .)

.noinit_RAM2    0x1fffc400        0x0
                [!provide]                        PROVIDE (__start_noinit_RAM2 = .)
                [!provide]                        PROVIDE (__start_noinit_SRAM1 = .)
 *(SORT_BY_ALIGNMENT(.noinit.$RAM2))
 *(SORT_BY_ALIGNMENT(.noinit.$SRAM1))
 *(SORT_BY_ALIGNMENT(.noinit.$RAM2.*))
 *(SORT_BY_ALIGNMENT(.noinit.$SRAM1.*))
                0x1fffc400                        . = ALIGN (0x8)
                [!provide]                        PROVIDE (__end_noinit_RAM2 = .)
                [!provide]                        PROVIDE (__end_noinit_SRAM1 = .)

.noinit_RAM3    0x14000000        0x0
                [!provide]                        PROVIDE (__start_noinit_RAM3 = .)
                [!provide]                        PROVIDE (__start_noinit_FLEX_RAM = .)
 *(SORT_BY_ALIGNMENT(.noinit.$RAM3))
 *(SORT_BY_ALIGNMENT(.noinit.$FLEX_RAM))
 *(SORT_BY_ALIGNMENT(.noinit.$RAM3.*))
 *(SORT_BY_ALIGNMENT(.noinit.$FLEX_RAM.*))
                0x14000000                        . = ALIGN (0x8)
                [!provide]                        PROVIDE (__end_noinit_RAM3 = .)
                [!provide]                        PROVIDE (__end_noinit_FLEX_RAM = .)

.noinit_RAM4    0x1fffc000        0x0
                [!provide]                        PROVIDE (__start_noinit_RAM4 = .)
                [!provide]                        PROVIDE (__start_noinit_WARMBOOT_STACK = .)
 *(SORT_BY_ALIGNMENT(.noinit.$RAM4))
 *(SORT_BY_ALIGNMENT(.noinit.$WARMBOOT_STACK))
 *(SORT_BY_ALIGNMENT(.noinit.$RAM4.*))
 *(SORT_BY_ALIGNMENT(.noinit.$WARMBOOT_STACK.*))
                0x1fffc000                        . = ALIGN (0x8)
                [!provide]                        PROVIDE (__end_noinit_RAM4 = .)
                [!provide]                        PROVIDE (__end_noinit_WARMBOOT_STACK = .)

.noinit_RAM5    0x20000000        0x0
                [!provide]                        PROVIDE (__start_noinit_RAM5 = .)
                [!provide]                        PROVIDE (__start_noinit_WARMBOOT_CONFIG = .)
 *(SORT_BY_ALIGNMENT(.noinit.$RAM5))
 *(SORT_BY_ALIGNMENT(.noinit.$WARMBOOT_CONFIG))
 *(SORT_BY_ALIGNMENT(.noinit.$RAM5.*))
 *(SORT_BY_ALIGNMENT(.noinit.$WARMBOOT_CONFIG.*))
                0x20000000                        . = ALIGN (0x8)
                [!provide]                        PROVIDE (__end_noinit_RAM5 = .)
                [!provide]                        PROVIDE (__end_noinit_WARMBOOT_CONFIG = .)

.noinit         0x20004040        0x8
                0x20004040                        _noinit = .
                [!provide]                        PROVIDE (__start_noinit_RAM = .)
                [!provide]                        PROVIDE (__start_noinit_SRAM = .)
 *(SORT_BY_ALIGNMENT(NOINIT))
 NOINIT         0x20004040        0x8 ./drivers/fsl_clock.o
                0x20004040                g_xtal0Freq
                0x20004044                g_xtal32Freq
 *(SORT_BY_ALIGNMENT(.noinit*))
                0x20004048                        . = ALIGN (0x8)
                0x20004048                        _end_noinit = .
                [!provide]                        PROVIDE (__end_noinit_RAM = .)
                [!provide]                        PROVIDE (__end_noinit_SRAM = .)
                0x00000bf8                        _HeapSize = 0xbf8

.heap           0x20004048      0xbf8
                0x20004048                        _pvHeapStart = .
                0x20004c40                        . = (. + _HeapSize)
 *fill*         0x20004048      0xbf8 
                0x20004c40                        . = ALIGN (0x8)
                0x20004c40                        _pvHeapLimit = .
                0x00000bf8                        _StackSize = 0xbf8

.heap2stackfill
                0x20004c40      0xbf8
                0x20005838                        . = (. + _StackSize)
 *fill*         0x20004c40      0xbf8 

.stack          0x2000b408        0x0
                0x2000b408                        _vStackBase = .
                0x2000b408                        . = ALIGN (0x8)
                0x2000c000                        _vStackTop = (. + _StackSize)
                0x00000000                        _image_start = LOADADDR (.text)
                0x0000a130                        _image_end = (LOADADDR (.data) + SIZEOF (.data))
                0x0000a130                        _image_size = (_image_end - _image_start)
OUTPUT(frdmkw38_CanBus_Reader_2_flexcan_interrupt_transfer.axf elf32-littlearm)
LOAD linker stubs

.debug_info     0x00000000    0x139a5
 .debug_info    0x00000000      0xb1c ./utilities/fsl_debug_console.o
 .debug_info    0x00000b1c      0xb11 ./utilities/fsl_str.o
 .debug_info    0x0000162d      0x684 ./startup/startup_mkw38a4.o
 .debug_info    0x00001cb1     0x168f ./source/flexcan_interrupt_transfer.o
 .debug_info    0x00003340       0x53 ./source/mtb.o
 .debug_info    0x00003393       0x3c ./source/semihost_hardfault.o
 .debug_info    0x000033cf     0x1538 ./drivers/fsl_clock.o
 .debug_info    0x00004907     0x2d72 ./drivers/fsl_flexcan.o
 .debug_info    0x00007679     0x199e ./drivers/fsl_lpuart.o
 .debug_info    0x00009017      0x407 ./device/system_MKW38A4.o
 .debug_info    0x0000941e      0xa0f ./component/uart/lpuart_adapter.o
 .debug_info    0x00009e2d      0x8e8 ./component/serial_manager/serial_manager.o
 .debug_info    0x0000a715      0x54c ./component/serial_manager/serial_port_uart.o
 .debug_info    0x0000ac61      0x359 ./board/board.o
 .debug_info    0x0000afba     0x1009 ./board/clock_config.o
 .debug_info    0x0000bfc3      0x5ac ./board/pin_mux.o
 .debug_info    0x0000c56f      0x31e ./amazon-freertos/freertos/portable/heap_4.o
 .debug_info    0x0000c88d      0x292 ./amazon-freertos/freertos/portable/port.o
 .debug_info    0x0000cb1f      0x2be ./amazon-freertos/freertos/list.o
 .debug_info    0x0000cddd     0x12d9 ./amazon-freertos/freertos/queue.o
 .debug_info    0x0000e0b6     0x1a5d ./amazon-freertos/freertos/tasks.o
 .debug_info    0x0000fb13      0xe43 ./amazon-freertos/freertos/timers.o
 .debug_info    0x00010956       0x85 c:/nxp/mcuxpressoide_11.9.0_2144/ide/plugins/com.nxp.mcuxpresso.tools.win32_11.9.0.202307121226/tools/bin/../lib/gcc/arm-none-eabi/12.3.1/../../../../arm-none-eabi/lib/thumb/v6-m/nofp\libcr_nohost_nf.a(_cr__main.o)
 .debug_info    0x000109db      0x240 c:/nxp/mcuxpressoide_11.9.0_2144/ide/plugins/com.nxp.mcuxpresso.tools.win32_11.9.0.202307121226/tools/bin/../lib/gcc/arm-none-eabi/12.3.1/../../../../arm-none-eabi/lib/thumb/v6-m/nofp\libcr_nohost_nf.a(_cr_assert.o)
 .debug_info    0x00010c1b      0x18b c:/nxp/mcuxpressoide_11.9.0_2144/ide/plugins/com.nxp.mcuxpresso.tools.win32_11.9.0.202307121226/tools/bin/../lib/gcc/arm-none-eabi/12.3.1/../../../../arm-none-eabi/lib/thumb/v6-m/nofp\libcr_nohost_nf.a(__ciob.o)
 .debug_info    0x00010da6       0x38 c:/nxp/mcuxpressoide_11.9.0_2144/ide/plugins/com.nxp.mcuxpresso.tools.win32_11.9.0.202307121226/tools/bin/../lib/gcc/arm-none-eabi/12.3.1/../../../../arm-none-eabi/lib/thumb/v6-m/nofp\libcr_nohost_nf.a(__sys_appexit.o)
 .debug_info    0x00010dde      0x119 c:/nxp/mcuxpressoide_11.9.0_2144/ide/plugins/com.nxp.mcuxpresso.tools.win32_11.9.0.202307121226/tools/bin/../lib/gcc/arm-none-eabi/12.3.1/../../../../arm-none-eabi/lib/thumb/v6-m/nofp\libcr_c.a(memcpy.o)
 .debug_info    0x00010ef7       0xe3 c:/nxp/mcuxpressoide_11.9.0_2144/ide/plugins/com.nxp.mcuxpresso.tools.win32_11.9.0.202307121226/tools/bin/../lib/gcc/arm-none-eabi/12.3.1/../../../../arm-none-eabi/lib/thumb/v6-m/nofp\libcr_c.a(memset.o)
 .debug_info    0x00010fda      0x35d c:/nxp/mcuxpressoide_11.9.0_2144/ide/plugins/com.nxp.mcuxpresso.tools.win32_11.9.0.202307121226/tools/bin/../lib/gcc/arm-none-eabi/12.3.1/../../../../arm-none-eabi/lib/thumb/v6-m/nofp\libcr_c.a(_deferredlazyseek.o)
 .debug_info    0x00011337      0x1e3 c:/nxp/mcuxpressoide_11.9.0_2144/ide/plugins/com.nxp.mcuxpresso.tools.win32_11.9.0.202307121226/tools/bin/../lib/gcc/arm-none-eabi/12.3.1/../../../../arm-none-eabi/lib/thumb/v6-m/nofp\libcr_c.a(_fflush.o)
 .debug_info    0x0001151a      0x283 c:/nxp/mcuxpressoide_11.9.0_2144/ide/plugins/com.nxp.mcuxpresso.tools.win32_11.9.0.202307121226/tools/bin/../lib/gcc/arm-none-eabi/12.3.1/../../../../arm-none-eabi/lib/thumb/v6-m/nofp\libcr_c.a(_writebuf.o)
 .debug_info    0x0001179d      0x50c c:/nxp/mcuxpressoide_11.9.0_2144/ide/plugins/com.nxp.mcuxpresso.tools.win32_11.9.0.202307121226/tools/bin/../lib/gcc/arm-none-eabi/12.3.1/../../../../arm-none-eabi/lib/thumb/v6-m/nofp\libcr_c.a(alloc.o)
 .debug_info    0x00011ca9      0x1e0 c:/nxp/mcuxpressoide_11.9.0_2144/ide/plugins/com.nxp.mcuxpresso.tools.win32_11.9.0.202307121226/tools/bin/../lib/gcc/arm-none-eabi/12.3.1/../../../../arm-none-eabi/lib/thumb/v6-m/nofp\libcr_c.a(fputs.o)
 .debug_info    0x00011e89      0x278 c:/nxp/mcuxpressoide_11.9.0_2144/ide/plugins/com.nxp.mcuxpresso.tools.win32_11.9.0.202307121226/tools/bin/../lib/gcc/arm-none-eabi/12.3.1/../../../../arm-none-eabi/lib/thumb/v6-m/nofp\libcr_c.a(fseek.o)
 .debug_info    0x00012101      0x190 c:/nxp/mcuxpressoide_11.9.0_2144/ide/plugins/com.nxp.mcuxpresso.tools.win32_11.9.0.202307121226/tools/bin/../lib/gcc/arm-none-eabi/12.3.1/../../../../arm-none-eabi/lib/thumb/v6-m/nofp\libcr_c.a(ftell.o)
 .debug_info    0x00012291      0x353 c:/nxp/mcuxpressoide_11.9.0_2144/ide/plugins/com.nxp.mcuxpresso.tools.win32_11.9.0.202307121226/tools/bin/../lib/gcc/arm-none-eabi/12.3.1/../../../../arm-none-eabi/lib/thumb/v6-m/nofp\libcr_c.a(initio.o)
 .debug_info    0x000125e4      0x1f6 c:/nxp/mcuxpressoide_11.9.0_2144/ide/plugins/com.nxp.mcuxpresso.tools.win32_11.9.0.202307121226/tools/bin/../lib/gcc/arm-none-eabi/12.3.1/../../../../arm-none-eabi/lib/thumb/v6-m/nofp\libcr_c.a(setvbuf.o)
 .debug_info    0x000127da       0xd6 c:/nxp/mcuxpressoide_11.9.0_2144/ide/plugins/com.nxp.mcuxpresso.tools.win32_11.9.0.202307121226/tools/bin/../lib/gcc/arm-none-eabi/12.3.1/../../../../arm-none-eabi/lib/thumb/v6-m/nofp\libcr_c.a(strlen.o)
 .debug_info    0x000128b0       0xd4 c:/nxp/mcuxpressoide_11.9.0_2144/ide/plugins/com.nxp.mcuxpresso.tools.win32_11.9.0.202307121226/tools/bin/../lib/gcc/arm-none-eabi/12.3.1/../../../../arm-none-eabi/lib/thumb/v6-m/nofp\libcr_c.a(__init_alloc.o)
 .debug_info    0x00012984      0x100 c:/nxp/mcuxpressoide_11.9.0_2144/ide/plugins/com.nxp.mcuxpresso.tools.win32_11.9.0.202307121226/tools/bin/../lib/gcc/arm-none-eabi/12.3.1/../../../../arm-none-eabi/lib/thumb/v6-m/nofp\libcr_c.a(_cr_sbrk.o)
 .debug_info    0x00012a84      0x244 c:/nxp/mcuxpressoide_11.9.0_2144/ide/plugins/com.nxp.mcuxpresso.tools.win32_11.9.0.202307121226/tools/bin/../lib/gcc/arm-none-eabi/12.3.1/../../../../arm-none-eabi/lib/thumb/v6-m/nofp\libcr_c.a(_fdopen.o)
 .debug_info    0x00012cc8       0x44 c:/nxp/mcuxpressoide_11.9.0_2144/ide/plugins/com.nxp.mcuxpresso.tools.win32_11.9.0.202307121226/tools/bin/../lib/gcc/arm-none-eabi/12.3.1/../../../../arm-none-eabi/lib/thumb/v6-m/nofp\libcr_c.a(errno.o)
 .debug_info    0x00012d0c      0x31e c:/nxp/mcuxpressoide_11.9.0_2144/ide/plugins/com.nxp.mcuxpresso.tools.win32_11.9.0.202307121226/tools/bin/../lib/gcc/arm-none-eabi/12.3.1/../../../../arm-none-eabi/lib/thumb/v6-m/nofp\libcr_c.a(fclose.o)
 .debug_info    0x0001302a      0x203 c:/nxp/mcuxpressoide_11.9.0_2144/ide/plugins/com.nxp.mcuxpresso.tools.win32_11.9.0.202307121226/tools/bin/../lib/gcc/arm-none-eabi/12.3.1/../../../../arm-none-eabi/lib/thumb/v6-m/nofp\libcr_c.a(fflush.o)
 .debug_info    0x0001322d      0x1c9 c:/nxp/mcuxpressoide_11.9.0_2144/ide/plugins/com.nxp.mcuxpresso.tools.win32_11.9.0.202307121226/tools/bin/../lib/gcc/arm-none-eabi/12.3.1/../../../../arm-none-eabi/lib/thumb/v6-m/nofp\libcr_c.a(remove.o)
 .debug_info    0x000133f6       0x71 c:/nxp/mcuxpressoide_11.9.0_2144/ide/plugins/com.nxp.mcuxpresso.tools.win32_11.9.0.202307121226/tools/bin/../lib/gcc/arm-none-eabi/12.3.1/../../../../arm-none-eabi/lib/thumb/v6-m/nofp\libcr_c.a(_cr_check_heap.o)
 .debug_info    0x00013467      0x23a c:/nxp/mcuxpressoide_11.9.0_2144/ide/plugins/com.nxp.mcuxpresso.tools.win32_11.9.0.202307121226/tools/bin/../lib/gcc/arm-none-eabi/12.3.1/../../../../arm-none-eabi/lib/thumb/v6-m/nofp\libcr_c.a(_do_fflush.o)
 .debug_info    0x000136a1       0x5c c:/nxp/mcuxpressoide_11.9.0_2144/ide/plugins/com.nxp.mcuxpresso.tools.win32_11.9.0.202307121226/tools/bin/../lib/gcc/arm-none-eabi/12.3.1/../../../../arm-none-eabi/lib/thumb/v6-m/nofp\libcr_nohost_nf.a(__sys_close.o)
 .debug_info    0x000136fd       0x5c c:/nxp/mcuxpressoide_11.9.0_2144/ide/plugins/com.nxp.mcuxpresso.tools.win32_11.9.0.202307121226/tools/bin/../lib/gcc/arm-none-eabi/12.3.1/../../../../arm-none-eabi/lib/thumb/v6-m/nofp\libcr_nohost_nf.a(__sys_flen.o)
 .debug_info    0x00013759       0x5c c:/nxp/mcuxpressoide_11.9.0_2144/ide/plugins/com.nxp.mcuxpresso.tools.win32_11.9.0.202307121226/tools/bin/../lib/gcc/arm-none-eabi/12.3.1/../../../../arm-none-eabi/lib/thumb/v6-m/nofp\libcr_nohost_nf.a(__sys_istty.o)
 .debug_info    0x000137b5       0x7c c:/nxp/mcuxpressoide_11.9.0_2144/ide/plugins/com.nxp.mcuxpresso.tools.win32_11.9.0.202307121226/tools/bin/../lib/gcc/arm-none-eabi/12.3.1/../../../../arm-none-eabi/lib/thumb/v6-m/nofp\libcr_nohost_nf.a(__sys_remove.o)
 .debug_info    0x00013831       0x6a c:/nxp/mcuxpressoide_11.9.0_2144/ide/plugins/com.nxp.mcuxpresso.tools.win32_11.9.0.202307121226/tools/bin/../lib/gcc/arm-none-eabi/12.3.1/../../../../arm-none-eabi/lib/thumb/v6-m/nofp\libcr_nohost_nf.a(__sys_seek.o)
 .debug_info    0x0001389b       0x85 c:/nxp/mcuxpressoide_11.9.0_2144/ide/plugins/com.nxp.mcuxpresso.tools.win32_11.9.0.202307121226/tools/bin/../lib/gcc/arm-none-eabi/12.3.1/../../../../arm-none-eabi/lib/thumb/v6-m/nofp\libcr_nohost_nf.a(__sys_tmpnam.o)
 .debug_info    0x00013920       0x85 c:/nxp/mcuxpressoide_11.9.0_2144/ide/plugins/com.nxp.mcuxpresso.tools.win32_11.9.0.202307121226/tools/bin/../lib/gcc/arm-none-eabi/12.3.1/../../../../arm-none-eabi/lib/thumb/v6-m/nofp\libcr_nohost_nf.a(__sys_write.o)

.debug_abbrev   0x00000000     0x474a
 .debug_abbrev  0x00000000      0x242 ./utilities/fsl_debug_console.o
 .debug_abbrev  0x00000242      0x237 ./utilities/fsl_str.o
 .debug_abbrev  0x00000479      0x1ad ./startup/startup_mkw38a4.o
 .debug_abbrev  0x00000626      0x38e ./source/flexcan_interrupt_transfer.o
 .debug_abbrev  0x000009b4       0x46 ./source/mtb.o
 .debug_abbrev  0x000009fa       0x31 ./source/semihost_hardfault.o
 .debug_abbrev  0x00000a2b      0x353 ./drivers/fsl_clock.o
 .debug_abbrev  0x00000d7e      0x375 ./drivers/fsl_flexcan.o
 .debug_abbrev  0x000010f3      0x349 ./drivers/fsl_lpuart.o
 .debug_abbrev  0x0000143c      0x148 ./device/system_MKW38A4.o
 .debug_abbrev  0x00001584      0x1dc ./component/uart/lpuart_adapter.o
 .debug_abbrev  0x00001760      0x23b ./component/serial_manager/serial_manager.o
 .debug_abbrev  0x0000199b      0x164 ./component/serial_manager/serial_port_uart.o
 .debug_abbrev  0x00001aff      0x14c ./board/board.o
 .debug_abbrev  0x00001c4b      0x284 ./board/clock_config.o
 .debug_abbrev  0x00001ecf      0x189 ./board/pin_mux.o
 .debug_abbrev  0x00002058      0x19d ./amazon-freertos/freertos/portable/heap_4.o
 .debug_abbrev  0x000021f5      0x1ec ./amazon-freertos/freertos/portable/port.o
 .debug_abbrev  0x000023e1       0xf2 ./amazon-freertos/freertos/list.o
 .debug_abbrev  0x000024d3      0x2bd ./amazon-freertos/freertos/queue.o
 .debug_abbrev  0x00002790      0x315 ./amazon-freertos/freertos/tasks.o
 .debug_abbrev  0x00002aa5      0x2ae ./amazon-freertos/freertos/timers.o
 .debug_abbrev  0x00002d53       0x62 c:/nxp/mcuxpressoide_11.9.0_2144/ide/plugins/com.nxp.mcuxpresso.tools.win32_11.9.0.202307121226/tools/bin/../lib/gcc/arm-none-eabi/12.3.1/../../../../arm-none-eabi/lib/thumb/v6-m/nofp\libcr_nohost_nf.a(_cr__main.o)