../amazon-freertos/freertos/queue.c:256:12:xQueueGenericReset	24	static
../amazon-freertos/freertos/queue.c:369:16:xQueueGenericCreate	56	static
../amazon-freertos/freertos/queue.c:435:13:prvInitialiseNewQueue	24	static
../amazon-freertos/freertos/queue.c:479:14:prvInitialiseMutex	16	static
../amazon-freertos/freertos/queue.c:509:16:xQueueCreateMutex	32	static
../amazon-freertos/freertos/queue.c:602:13:xQueueGiveMutexRecursive	32	static
../amazon-freertos/freertos/queue.c:657:13:xQueueTakeMutexRecursive	32	static
../amazon-freertos/freertos/queue.c:727:16:xQueueCreateCountingSemaphore	24	static
../amazon-freertos/freertos/queue.c:753:12:xQueueGenericSend	48	static
../amazon-freertos/freertos/queue.c:963:12:xQueueGenericSendFromISR	48	static
../amazon-freertos/freertos/queue.c:1116:12:xQueueGiveFromISR	40	static
../amazon-freertos/freertos/queue.c:1283:12:xQueueReceive	48	static
../amazon-freertos/freertos/queue.c:1424:12:xQueueSemaphoreTake	48	static
../amazon-freertos/freertos/queue.c:1644:12:xQueuePeek	48	static
../amazon-freertos/freertos/queue.c:1793:12:xQueueReceiveFromISR	56	static
../amazon-freertos/freertos/queue.c:1886:12:xQueuePeekFromISR	32	static
../amazon-freertos/freertos/queue.c:1940:13:uxQueueMessagesWaiting	24	static
../amazon-freertos/freertos/queue.c:1956:13:uxQueueSpacesAvailable	24	static
../amazon-freertos/freertos/queue.c:1973:13:uxQueueMessagesWaitingFromISR	24	static
../amazon-freertos/freertos/queue.c:1985:6:vQueueDelete	24	static
../amazon-freertos/freertos/queue.c:2029:14:uxQueueGetQueueNumber	16	static
../amazon-freertos/freertos/queue.c:2039:7:vQueueSetQueueNumber	16	static
../amazon-freertos/freertos/queue.c:2049:10:ucQueueGetQueueType	16	static
../amazon-freertos/freertos/queue.c:2059:21:prvGetDisinheritPriorityAfterTimeout	24	static
../amazon-freertos/freertos/queue.c:2084:19:prvCopyDataToQueue	32	static
../amazon-freertos/freertos/queue.c:2163:13:prvCopyDataFromQueue	16	static
../amazon-freertos/freertos/queue.c:2181:13:prvUnlockQueue	24	static
../amazon-freertos/freertos/queue.c:2301:19:prvIsQueueEmpty	24	static
../amazon-freertos/freertos/queue.c:2322:12:xQueueIsQueueEmptyFromISR	24	static
../amazon-freertos/freertos/queue.c:2341:19:prvIsQueueFull	24	static
../amazon-freertos/freertos/queue.c:2362:12:xQueueIsQueueFullFromISR	24	static
../amazon-freertos/freertos/queue.c:2658:7:vQueueAddToRegistry	24	static
../amazon-freertos/freertos/queue.c:2687:14:pcQueueGetName	24	static
../amazon-freertos/freertos/queue.c:2715:7:vQueueUnregisterQueue	24	static
../amazon-freertos/freertos/queue.c:2747:7:vQueueWaitForMessageRestricted	32	static
