../amazon-freertos/freertos/stream_buffer.c:219:23:xStreamBufferGenericCreate	48	static
../amazon-freertos/freertos/stream_buffer.c:366:6:vStreamBufferDelete	24	static
../amazon-freertos/freertos/stream_buffer.c:399:12:xStreamBufferReset	48	static
../amazon-freertos/freertos/stream_buffer.c:448:12:xStreamBufferSetTriggerLevel	24	static
../amazon-freertos/freertos/stream_buffer.c:477:8:xStreamBufferSpacesAvailable	24	static
../amazon-freertos/freertos/stream_buffer.c:501:8:xStreamBufferBytesAvailable	24	static
../amazon-freertos/freertos/stream_buffer.c:513:8:xStreamBufferSend	64	static
../amazon-freertos/freertos/stream_buffer.c:617:8:xStreamBufferSendFromISR	64	static
../amazon-freertos/freertos/stream_buffer.c:668:15:prvWriteMessageToBuffer	32	static
../amazon-freertos/freertos/stream_buffer.c:720:8:xStreamBufferReceive	56	static
../amazon-freertos/freertos/stream_buffer.c:824:8:xStreamBufferNextMessageLengthBytes	40	static
../amazon-freertos/freertos/stream_buffer.c:868:8:xStreamBufferReceiveFromISR	64	static
../amazon-freertos/freertos/stream_buffer.c:925:15:prvReadMessageFromBuffer	40	static
../amazon-freertos/freertos/stream_buffer.c:977:12:xStreamBufferIsEmpty	32	static
../amazon-freertos/freertos/stream_buffer.c:1000:12:xStreamBufferIsFull	32	static
../amazon-freertos/freertos/stream_buffer.c:1035:12:xStreamBufferSendCompletedFromISR	40	static
../amazon-freertos/freertos/stream_buffer.c:1065:12:xStreamBufferReceiveCompletedFromISR	40	static
../amazon-freertos/freertos/stream_buffer.c:1095:15:prvWriteBytesToBuffer	32	static
../amazon-freertos/freertos/stream_buffer.c:1141:15:prvReadBytesFromBuffer	40	static
../amazon-freertos/freertos/stream_buffer.c:1196:15:prvBytesInBuffer	24	static
../amazon-freertos/freertos/stream_buffer.c:1216:13:prvInitialiseNewStreamBuffer	32	static
../amazon-freertos/freertos/stream_buffer.c:1244:14:uxStreamBufferGetStreamBufferNumber	16	static
../amazon-freertos/freertos/stream_buffer.c:1254:7:vStreamBufferSetStreamBufferNumber	16	static
../amazon-freertos/freertos/stream_buffer.c:1264:10:ucStreamBufferGetStreamBufferType	16	static
