../amazon-freertos/freertos/tasks.c:730:13:xTaskCreate	64	static
../amazon-freertos/freertos/tasks.c:821:13:prvInitialiseNewTask	32	static
../amazon-freertos/freertos/tasks.c:1072:13:prvAddNewTaskToReadyList	16	static
../amazon-freertos/freertos/tasks.c:1157:7:vTaskDelete	24	static
../amazon-freertos/freertos/tasks.c:1249:7:vTaskDelayUntil	32	static
../amazon-freertos/freertos/tasks.c:1333:7:vTaskDelay	24	static
../amazon-freertos/freertos/tasks.c:1378:13:eTaskGetState	40	static
../amazon-freertos/freertos/tasks.c:1470:14:uxTaskPriorityGet	24	static
../amazon-freertos/freertos/tasks.c:1492:14:uxTaskPriorityGetFromISR	32	static
../amazon-freertos/freertos/tasks.c:1532:7:vTaskPrioritySet	32	static
../amazon-freertos/freertos/tasks.c:1696:7:vTaskSuspend	24	static
../amazon-freertos/freertos/tasks.c:1797:20:prvTaskIsTaskSuspended	24	static
../amazon-freertos/freertos/tasks.c:1843:7:vTaskResume	24	static
../amazon-freertos/freertos/tasks.c:1897:13:xTaskResumeFromISR	32	static
../amazon-freertos/freertos/tasks.c:1967:6:vTaskStartScheduler	24	static
../amazon-freertos/freertos/tasks.c:2089:6:vTaskEndScheduler	8	static
../amazon-freertos/freertos/tasks.c:2100:6:vTaskSuspendAll	8	static
../amazon-freertos/freertos/tasks.c:2173:12:xTaskResumeAll	24	static
../amazon-freertos/freertos/tasks.c:2283:12:xTaskGetTickCount	16	static
../amazon-freertos/freertos/tasks.c:2298:12:xTaskGetTickCountFromISR	16	static
../amazon-freertos/freertos/tasks.c:2329:13:uxTaskGetNumberOfTasks	8	static
../amazon-freertos/freertos/tasks.c:2337:7:pcTaskGetName	24	static
../amazon-freertos/freertos/tasks.c:2484:14:uxTaskGetSystemState	32	static
../amazon-freertos/freertos/tasks.c:2664:12:xTaskIncrementTick	32	static
../amazon-freertos/freertos/tasks.c:2946:6:vTaskSwitchContext	16	static
../amazon-freertos/freertos/tasks.c:3019:6:vTaskPlaceOnEventList	16	static
../amazon-freertos/freertos/tasks.c:3036:6:vTaskPlaceOnUnorderedEventList	24	static
../amazon-freertos/freertos/tasks.c:3062:7:vTaskPlaceOnEventListRestricted	24	static
../amazon-freertos/freertos/tasks.c:3093:12:xTaskRemoveFromEventList	24	static
../amazon-freertos/freertos/tasks.c:3161:6:vTaskRemoveFromUnorderedEventList	24	static
../amazon-freertos/freertos/tasks.c:3195:6:vTaskSetTimeOutState	16	static
../amazon-freertos/freertos/tasks.c:3207:6:vTaskInternalSetTimeOutState	16	static
../amazon-freertos/freertos/tasks.c:3215:12:xTaskCheckForTimeOut	32	static
../amazon-freertos/freertos/tasks.c:3278:6:vTaskMissedYield	8	static
../amazon-freertos/freertos/tasks.c:3286:14:uxTaskGetTaskNumber	24	static
../amazon-freertos/freertos/tasks.c:3309:7:vTaskSetTaskNumber	24	static
../amazon-freertos/freertos/tasks.c:3333:8:prvIdleTask	16	static
../amazon-freertos/freertos/tasks.c:3492:7:vTaskSetThreadLocalStoragePointer	32	static
../amazon-freertos/freertos/tasks.c:3508:8:pvTaskGetThreadLocalStoragePointer	24	static
../amazon-freertos/freertos/tasks.c:3545:13:prvInitialiseTaskLists	16	static
../amazon-freertos/freertos/tasks.c:3577:13:prvCheckTasksWaitingTermination	16	static
../amazon-freertos/freertos/tasks.c:3608:7:vTaskGetInfo	32	static
../amazon-freertos/freertos/tasks.c:3704:21:prvListTasksWithinSingleList	48	static
../amazon-freertos/freertos/tasks.c:3737:32:prvTaskCheckFreeStackSpace	24	static
../amazon-freertos/freertos/tasks.c:3825:14:prvDeleteTCB	16	static
../amazon-freertos/freertos/tasks.c:3879:13:prvResetNextTaskUnblockTime	16	static
../amazon-freertos/freertos/tasks.c:3905:15:xTaskGetCurrentTaskHandle	16	static
../amazon-freertos/freertos/tasks.c:3922:13:xTaskGetSchedulerState	16	static
../amazon-freertos/freertos/tasks.c:3950:13:xTaskPriorityInherit	24	static
../amazon-freertos/freertos/tasks.c:4037:13:xTaskPriorityDisinherit	24	static
../amazon-freertos/freertos/tasks.c:4117:7:vTaskPriorityDisinheritAfterTimeout	32	static
../amazon-freertos/freertos/tasks.c:4532:12:uxTaskResetEventItemValue	16	static
../amazon-freertos/freertos/tasks.c:4548:15:pvTaskIncrementMutexHeldCount	8	static
../amazon-freertos/freertos/tasks.c:4565:11:ulTaskNotifyTake	24	static
../amazon-freertos/freertos/tasks.c:4633:13:xTaskNotifyWait	32	static
../amazon-freertos/freertos/tasks.c:4713:13:xTaskGenericNotify	40	static
../amazon-freertos/freertos/tasks.c:4827:13:xTaskGenericNotifyFromISR	40	static
../amazon-freertos/freertos/tasks.c:4956:7:vTaskNotifyGiveFromISR	32	static
../amazon-freertos/freertos/tasks.c:5043:13:xTaskNotifyStateClear	24	static
../amazon-freertos/freertos/tasks.c:5080:13:prvAddCurrentTaskToDelayedList	24	static
