../drivers/fsl_clock.h:564:20:CLOCK_SetEr32kClock	16	static
../drivers/fsl_clock.c:177:13:CLOCK_FllStableDelay	16	static
../drivers/fsl_clock.c:197:17:CLOCK_GetMcgExtClkFreq	16	static
../drivers/fsl_clock.c:221:17:CLOCK_GetFllExtRefClkFreq	16	static
../drivers/fsl_clock.c:275:17:CLOCK_GetInternalRefClkSelectFreq	8	static
../drivers/fsl_clock.c:289:17:CLOCK_GetFllRefClkFreq	8	static
../drivers/fsl_clock.c:303:16:CLOCK_GetOscRangeFromFreq	24	static
../drivers/fsl_clock.c:328:10:CLOCK_GetEr32kClkFreq	16	static
../drivers/fsl_clock.c:355:10:CLOCK_GetOsc0ErClkFreq	8	static
../drivers/fsl_clock.c:367:10:CLOCK_GetPlatClkFreq	8	static
../drivers/fsl_clock.c:377:10:CLOCK_GetFlashClkFreq	16	static
../drivers/fsl_clock.c:392:10:CLOCK_GetBusClkFreq	16	static
../drivers/fsl_clock.c:407:10:CLOCK_GetCoreSysClkFreq	8	static
../drivers/fsl_clock.c:422:10:CLOCK_GetFreq	24	static
../drivers/fsl_clock.c:469:6:CLOCK_SetSimConfig	16	static
../drivers/fsl_clock.c:483:10:CLOCK_GetOutClkFreq	16	static
../drivers/fsl_clock.c:515:10:CLOCK_GetFllFreq	16	static
../drivers/fsl_clock.c:549:10:CLOCK_GetInternalRefClkFreq	8	static
../drivers/fsl_clock.c:568:10:CLOCK_GetFixedFreqClkFreq	16	static
../drivers/fsl_clock.c:595:10:CLOCK_SetExternalRefClkConfig	24	static
../drivers/fsl_clock.c:648:10:CLOCK_SetInternalRefClkConfig	40	static
../drivers/fsl_clock.c:705:6:CLOCK_SetOsc0MonitorMode	16	static
../drivers/fsl_clock.c:735:6:CLOCK_SetRtcOscMonitorMode	24	static
../drivers/fsl_clock.c:778:10:CLOCK_GetStatusFlags	16	static
../drivers/fsl_clock.c:815:6:CLOCK_ClearStatusFlags	24	static
../drivers/fsl_clock.c:837:6:CLOCK_InitOsc0	32	static
../drivers/fsl_clock.c:857:6:CLOCK_DeinitOsc0	8	static
../drivers/fsl_clock.c:880:10:CLOCK_TrimInternalRefClk	40	static
../drivers/fsl_clock.c:963:12:CLOCK_GetMode	24	static
../drivers/fsl_clock.c:1069:10:CLOCK_SetFeiMode	24	static
../drivers/fsl_clock.c:1145:10:CLOCK_SetFeeMode	32	static
../drivers/fsl_clock.c:1240:10:CLOCK_SetFbiMode	24	static
../drivers/fsl_clock.c:1320:10:CLOCK_SetFbeMode	32	static
../drivers/fsl_clock.c:1407:10:CLOCK_SetBlpiMode	8	static
../drivers/fsl_clock.c:1431:10:CLOCK_SetBlpeMode	8	static
../drivers/fsl_clock.c:1462:10:CLOCK_ExternalModeToFbeModeQuick	8	static
../drivers/fsl_clock.c:1498:10:CLOCK_InternalModeToFbiModeQuick	8	static
../drivers/fsl_clock.c:1533:10:CLOCK_BootToFeiMode	16	static
../drivers/fsl_clock.c:1553:10:CLOCK_BootToFeeMode	24	static
../drivers/fsl_clock.c:1574:10:CLOCK_BootToBlpiMode	24	static
../drivers/fsl_clock.c:1602:10:CLOCK_BootToBlpeMode	16	static
../drivers/fsl_clock.c:1667:10:CLOCK_SetMcgConfig	32	static
../drivers/fsl_clock.c:1746:28:SDK_DelayAtLeastUs	32	static
