C:\Users\Usuario1\Documents\MCUXpressoIDE_11.9.0_2144\workspace\frdmkw38_CanBus_Reader_2_flexcan_interrupt_transfer\CMSIS/core_cm0plus.h:733:22:__NVIC_EnableIRQ	16	static
../drivers/fsl_clock.h:527:20:CLOCK_EnableClock	24	static
../drivers/fsl_clock.h:539:20:CLOCK_DisableClock	24	static
../drivers/fsl_common.h:441:28:EnableIRQ	16	static
../drivers/fsl_flexcan.h:817:20:FLEXCAN_ClearStatusFlags	16	static
../drivers/fsl_flexcan.h:858:24:FLEXCAN_GetMbStatusFlags	16	static
../drivers/fsl_flexcan.h:879:20:FLEXCAN_ClearMbStatusFlags	16	static
../drivers/fsl_flexcan.h:906:20:FLEXCAN_EnableInterrupts	16	static
../drivers/fsl_flexcan.h:927:20:FLEXCAN_DisableInterrupts	16	static
../drivers/fsl_flexcan.h:950:20:FLEXCAN_EnableMbInterrupts	16	static
../drivers/fsl_flexcan.h:972:20:FLEXCAN_DisableMbInterrupts	16	static
../drivers/fsl_flexcan.h:1030:20:FLEXCAN_Enable	16	static
../drivers/fsl_flexcan.c:307:10:FLEXCAN_GetInstance	24	static
../drivers/fsl_flexcan.c:456:13:FLEXCAN_EnterFreezeMode	16	static
../drivers/fsl_flexcan.c:467:13:FLEXCAN_ExitFreezeMode	16	static
../drivers/fsl_flexcan.c:499:13:FLEXCAN_IsMbIntEnabled	16	static
../drivers/fsl_flexcan.c:532:13:FLEXCAN_Reset	24	static
../drivers/fsl_flexcan.c:604:13:FLEXCAN_SetBaudRate	32	static
../drivers/fsl_flexcan.c:641:13:FLEXCAN_SetFDBaudRate	32	static
../drivers/fsl_flexcan.c:701:6:FLEXCAN_Init	56	static
../drivers/fsl_flexcan.c:818:6:FLEXCAN_FDInit	56	static
../drivers/fsl_flexcan.c:899:6:FLEXCAN_IsMbOccupied	24	static
../drivers/fsl_flexcan.c:951:6:FLEXCAN_Deinit	24	static
../drivers/fsl_flexcan.c:990:6:FLEXCAN_GetDefaultConfig	16	static
../drivers/fsl_flexcan.c:1040:6:FLEXCAN_SetTimingConfig	16	static
../drivers/fsl_flexcan.c:1101:6:FLEXCAN_SetFDTimingConfig	16	static
../drivers/fsl_flexcan.c:1133:6:FLEXCAN_SetRxMbGlobalMask	16	static
../drivers/fsl_flexcan.c:1155:6:FLEXCAN_SetRxFifoGlobalMask	16	static
../drivers/fsl_flexcan.c:1181:6:FLEXCAN_SetRxIndividualMask	24	static
../drivers/fsl_flexcan.c:1207:6:FLEXCAN_SetTxMbConfig	16	static
../drivers/fsl_flexcan.c:1238:13:FLEXCAN_GetSegments	40	static
../drivers/fsl_flexcan.c:1315:6:FLEXCAN_CalculateImprovedTimingValues	40	static
../drivers/fsl_flexcan.c:1359:17:FLEXCAN_GetFDMailboxOffset	32	static
../drivers/fsl_flexcan.c:1397:13:FLEXCAN_FDGetSegments	40	static
../drivers/fsl_flexcan.c:1484:13:FLEXCAN_FDGetSegmentswithBRS	40	static
../drivers/fsl_flexcan.c:1567:13:FLEXCAN_CalculateImprovedTimingValuesByCBT	48	static
../drivers/fsl_flexcan.c:1631:6:FLEXCAN_FDCalculateImprovedTimingValues	40	static
../drivers/fsl_flexcan.c:1720:6:FLEXCAN_SetFDTxMbConfig	32	static
../drivers/fsl_flexcan.c:1782:6:FLEXCAN_SetRxMbConfig	40	static
../drivers/fsl_flexcan.c:1836:6:FLEXCAN_SetFDRxMbConfig	56	static
../drivers/fsl_flexcan.c:1893:6:FLEXCAN_SetRxFifoConfig	40	static
../drivers/fsl_flexcan.c:2010:6:FLEXCAN_EnableRxFifoDMA	16	static
../drivers/fsl_flexcan.c:2121:10:FLEXCAN_WriteTxMb	40	static
../drivers/fsl_flexcan.c:2193:10:FLEXCAN_WriteFDTxMb	48	static
../drivers/fsl_flexcan.c:2284:10:FLEXCAN_ReadRxMb	40	static
../drivers/fsl_flexcan.c:2360:10:FLEXCAN_ReadFDRxMb	56	static
../drivers/fsl_flexcan.c:2449:10:FLEXCAN_ReadRxFifo	24	static
../drivers/fsl_flexcan.c:2509:10:FLEXCAN_TransferSendBlocking	40	static
../drivers/fsl_flexcan.c:2554:10:FLEXCAN_TransferReceiveBlocking	40	static
../drivers/fsl_flexcan.c:2590:10:FLEXCAN_TransferFDSendBlocking	48	static
../drivers/fsl_flexcan.c:2637:10:FLEXCAN_TransferFDReceiveBlocking	40	static
../drivers/fsl_flexcan.c:2672:10:FLEXCAN_TransferReceiveFifoBlocking	24	static
../drivers/fsl_flexcan.c:2702:6:FLEXCAN_TransferCreateHandle	32	static
../drivers/fsl_flexcan.c:2767:10:FLEXCAN_TransferSendNonBlocking	32	static
../drivers/fsl_flexcan.c:2828:10:FLEXCAN_TransferReceiveNonBlocking	32	static
../drivers/fsl_flexcan.c:2875:10:FLEXCAN_TransferFDSendNonBlocking	32	static
../drivers/fsl_flexcan.c:2937:10:FLEXCAN_TransferFDReceiveNonBlocking	32	static
../drivers/fsl_flexcan.c:2983:10:FLEXCAN_TransferReceiveFifoNonBlocking	24	static
../drivers/fsl_flexcan.c:3018:6:FLEXCAN_TransferAbortSend	32	static
../drivers/fsl_flexcan.c:3060:6:FLEXCAN_TransferFDAbortSend	40	static
../drivers/fsl_flexcan.c:3105:6:FLEXCAN_TransferFDAbortReceive	32	static
../drivers/fsl_flexcan.c:3136:6:FLEXCAN_TransferAbortReceive	32	static
../drivers/fsl_flexcan.c:3165:6:FLEXCAN_TransferAbortReceiveFifo	16	static
../drivers/fsl_flexcan.c:3192:17:FLEXCAN_SubHandlerForMailBoxTransfered	32	static
../drivers/fsl_flexcan.c:3271:6:FLEXCAN_TransferHandleIRQ	56	static
../drivers/fsl_flexcan.c:3398:6:CAN0_DriverIRQHandler	8	static
