C:\Users\Usuario1\Documents\MCUXpressoIDE_11.9.0_2144\workspace\frdmkw38_CanBus_Reader_2_flexcan_interrupt_transfer\CMSIS/core_cm0plus.h:733:22:__NVIC_EnableIRQ	16	static
../drivers/fsl_clock.h:527:20:CLOCK_EnableClock	24	static
../drivers/fsl_clock.h:539:20:CLOCK_DisableClock	24	static
../drivers/fsl_clock.h:551:20:CLOCK_isEnabledClock	24	static
../drivers/fsl_common.h:441:28:EnableIRQ	16	static
../drivers/fsl_lpuart.c:133:10:LPUART_GetInstance	24	static
../drivers/fsl_lpuart.c:157:8:LPUART_TransferGetRxRingBufferLength	32	static
../drivers/fsl_lpuart.c:178:13:LPUART_TransferIsRxRingBufferFull	24	static
../drivers/fsl_lpuart.c:195:13:LPUART_WriteNonBlocking	32	static
../drivers/fsl_lpuart.c:209:13:LPUART_ReadNonBlocking	32	static
../drivers/fsl_lpuart.c:263:10:LPUART_Init	64	static
../drivers/fsl_lpuart.c:478:6:LPUART_Deinit	24	static
../drivers/fsl_lpuart.c:542:6:LPUART_GetDefaultConfig	16	static
../drivers/fsl_lpuart.c:587:10:LPUART_SetBaudRate	64	static
../drivers/fsl_lpuart.c:685:6:LPUART_EnableInterrupts	16	static
../drivers/fsl_lpuart.c:709:6:LPUART_DisableInterrupts	16	static
../drivers/fsl_lpuart.c:740:10:LPUART_GetEnabledInterrupts	24	static
../drivers/fsl_lpuart.c:769:10:LPUART_GetStatusFlags	24	static
../drivers/fsl_lpuart.c:800:10:LPUART_ClearStatusFlags	24	static
../drivers/fsl_lpuart.c:855:6:LPUART_WriteBlocking	32	static
../drivers/fsl_lpuart.c:890:10:LPUART_ReadBlocking	32	static
../drivers/fsl_lpuart.c:979:6:LPUART_TransferCreateHandle	32	static
../drivers/fsl_lpuart.c:1044:6:LPUART_TransferStartRingBuffer	24	static
../drivers/fsl_lpuart.c:1071:6:LPUART_TransferStopRingBuffer	16	static
../drivers/fsl_lpuart.c:1106:10:LPUART_TransferSendNonBlocking	32	static
../drivers/fsl_lpuart.c:1145:6:LPUART_TransferAbortSend	16	static
../drivers/fsl_lpuart.c:1169:10:LPUART_TransferGetSendCount	24	static
../drivers/fsl_lpuart.c:1210:10:LPUART_TransferReceiveNonBlocking	56	static
../drivers/fsl_lpuart.c:1337:6:LPUART_TransferAbortReceive	16	static
../drivers/fsl_lpuart.c:1366:10:LPUART_TransferGetReceiveCount	24	static
../drivers/fsl_lpuart.c:1381:13:LPUART_TransferHandleIdleLine	32	static
../drivers/fsl_lpuart.c:1428:13:LPUART_TransferHandleRX	32	static
../drivers/fsl_lpuart.c:1533:13:LPUART_TransferHandleTX	32	static
../drivers/fsl_lpuart.c:1585:6:LPUART_TransferHandleIRQ	32	static
../drivers/fsl_lpuart.c:1635:6:LPUART_TransferHandleErrorIRQ	16	static
../drivers/fsl_lpuart.c:1704:6:LPUART0_LPUART1_DriverIRQHandler	16	static
